Nov 15 07:48:13 ubuntu-s-1vcpu-1gb-ams3-golang systemd-fsck[354]: cloudimg-rootfs: clean, 74501/444864 files, 467331/889083 blocks
Nov 15 07:48:13 ubuntu-s-1vcpu-1gb-ams3-golang systemd[1]: Mounted Huge Pages File System.
Nov 15 07:48:13 ubuntu-s-1vcpu-1gb-ams3-golang systemd[1]: Mounted POSIX Message Queue File System.
Nov 15 07:48:13 ubuntu-s-1vcpu-1gb-ams3-golang systemd[1]: Mounted Kernel Debug File System.
Nov 15 07:48:13 ubuntu-s-1vcpu-1gb-ams3-golang systemd[1]: Mounted Kernel Trace File System.
Nov 15 07:48:13 ubuntu-s-1vcpu-1gb-ams3-golang systemd[1]: Finished Set the console keyboard layout.
Nov 15 07:48:13 ubuntu-s-1vcpu-1gb-ams3-golang systemd[1]: Finished Create List of Static Device Nodes.
Nov 15 07:48:13 ubuntu-s-1vcpu-1gb-ams3-golang systemd[1]: Finished Monitoring of LVM2 mirrors, snapshots etc. using dmeventd or progress polling.
Nov 15 07:48:13 ubuntu-s-1vcpu-1gb-ams3-golang systemd[1]: modprobe@chromeos_pstore.service: Deactivated successfully.
Nov 15 07:48:13 ubuntu-s-1vcpu-1gb-ams3-golang systemd[1]: Finished Load Kernel Module chromeos_pstore.
Nov 15 07:48:13 ubuntu-s-1vcpu-1gb-ams3-golang systemd[1]: modprobe@configfs.service: Deactivated successfully.
Nov 15 07:48:13 ubuntu-s-1vcpu-1gb-ams3-golang systemd[1]: Finished Load Kernel Module configfs.
Nov 15 07:48:13 ubuntu-s-1vcpu-1gb-ams3-golang systemd[1]: modprobe@drm.service: Deactivated successfully.
Nov 15 07:48:13 ubuntu-s-1vcpu-1gb-ams3-golang systemd[1]: Finished Load Kernel Module drm.
Nov 15 07:48:13 ubuntu-s-1vcpu-1gb-ams3-golang systemd[1]: modprobe@efi_pstore.service: Deactivated successfully.
Nov 15 07:48:13 ubuntu-s-1vcpu-1gb-ams3-golang systemd[1]: Finished Load Kernel Module efi_pstore.
Nov 15 07:48:13 ubuntu-s-1vcpu-1gb-ams3-golang systemd[1]: modprobe@fuse.service: Deactivated successfully.
Nov 15 07:48:13 ubuntu-s-1vcpu-1gb-ams3-golang systemd[1]: Finished Load Kernel Module fuse.
Nov 15 07:48:13 ubuntu-s-1vcpu-1gb-ams3-golang systemd[1]: modprobe@pstore_blk.service: Deactivated successfully.
Nov 15 07:48:13 ubuntu-s-1vcpu-1gb-ams3-golang systemd[1]: Finished Load Kernel Module pstore_blk.
Nov 15 07:48:13 ubuntu-s-1vcpu-1gb-ams3-golang systemd[1]: modprobe@pstore_zone.service: Deactivated successfully.
Nov 15 07:48:13 ubuntu-s-1vcpu-1gb-ams3-golang systemd[1]: Finished Load Kernel Module pstore_zone.
Nov 15 07:48:13 ubuntu-s-1vcpu-1gb-ams3-golang systemd[1]: modprobe@ramoops.service: Deactivated successfully.
Nov 15 07:48:13 ubuntu-s-1vcpu-1gb-ams3-golang systemd[1]: Finished Load Kernel Module ramoops.
Nov 15 07:48:13 ubuntu-s-1vcpu-1gb-ams3-golang systemd[1]: Finished File System Check on Root Device.
Nov 15 07:48:13 ubuntu-s-1vcpu-1gb-ams3-golang systemd[1]: Finished Load Kernel Modules.
Nov 15 07:48:13 ubuntu-s-1vcpu-1gb-ams3-golang systemd[1]: Mounting FUSE Control File System...
Nov 15 07:48:13 ubuntu-s-1vcpu-1gb-ams3-golang systemd[1]: Mounting Kernel Configuration File System...
Nov 15 07:48:13 ubuntu-s-1vcpu-1gb-ams3-golang systemd[1]: Started File System Check Daemon to report status.
Nov 15 07:48:13 ubuntu-s-1vcpu-1gb-ams3-golang systemd[1]: Starting Remount Root and Kernel File Systems...
Nov 15 07:48:13 ubuntu-s-1vcpu-1gb-ams3-golang systemd[1]: Starting Apply Kernel Variables...
Nov 15 07:48:13 ubuntu-s-1vcpu-1gb-ams3-golang systemd[1]: Mounted FUSE Control File System.
Nov 15 07:48:13 ubuntu-s-1vcpu-1gb-ams3-golang systemd[1]: Mounted Kernel Configuration File System.
Nov 15 07:48:13 ubuntu-s-1vcpu-1gb-ams3-golang systemd[1]: Finished Remount Root and Kernel File Systems.
Nov 15 07:48:13 ubuntu-s-1vcpu-1gb-ams3-golang systemd[1]: Finished Apply Kernel Variables.
Nov 15 07:48:13 ubuntu-s-1vcpu-1gb-ams3-golang systemd[1]: Starting Device-Mapper Multipath Device Controller...
Nov 15 07:48:13 ubuntu-s-1vcpu-1gb-ams3-golang systemd[1]: Starting Flush Journal to Persistent Storage...
Nov 15 07:48:13 ubuntu-s-1vcpu-1gb-ams3-golang systemd[1]: Platform Persistent Storage Archival was skipped because of a failed condition check (ConditionDirectoryNotEmpty=/sys/fs/pstore).
Nov 15 07:48:13 ubuntu-s-1vcpu-1gb-ams3-golang systemd[1]: Starting Load/Save Random Seed...
Nov 15 07:48:13 ubuntu-s-1vcpu-1gb-ams3-golang systemd[1]: Starting Create System Users...
Nov 15 07:48:13 ubuntu-s-1vcpu-1gb-ams3-golang systemd[1]: Finished Load/Save Random Seed.
Nov 15 07:48:13 ubuntu-s-1vcpu-1gb-ams3-golang systemd[1]: Finished Flush Journal to Persistent Storage.
Nov 15 07:48:13 ubuntu-s-1vcpu-1gb-ams3-golang systemd[1]: Finished Create System Users.
Nov 15 07:48:13 ubuntu-s-1vcpu-1gb-ams3-golang systemd[1]: First Boot Complete was skipped because of a failed condition check (ConditionFirstBoot=yes).
Nov 15 07:48:13 ubuntu-s-1vcpu-1gb-ams3-golang systemd[1]: Starting Create Static Device Nodes in /dev...
Nov 15 07:48:13 ubuntu-s-1vcpu-1gb-ams3-golang systemd[1]: Finished Coldplug All udev Devices.
Nov 15 07:48:13 ubuntu-s-1vcpu-1gb-ams3-golang systemd[1]: Finished Create Static Device Nodes in /dev.
Nov 15 07:48:13 ubuntu-s-1vcpu-1gb-ams3-golang systemd[1]: Starting Rule-based Manager for Device Events and Files...
Nov 15 07:48:13 ubuntu-s-1vcpu-1gb-ams3-golang multipathd[373]: --------start up--------
Nov 15 07:48:13 ubuntu-s-1vcpu-1gb-ams3-golang multipathd[373]: read /etc/multipath.conf
Nov 15 07:48:13 ubuntu-s-1vcpu-1gb-ams3-golang multipathd[373]: path checkers start up
Nov 15 07:48:13 ubuntu-s-1vcpu-1gb-ams3-golang systemd[1]: Started Device-Mapper Multipath Device Controller.
Nov 15 07:48:13 ubuntu-s-1vcpu-1gb-ams3-golang systemd[1]: Reached target Preparation for Local File Systems.
Nov 15 07:48:13 ubuntu-s-1vcpu-1gb-ams3-golang systemd[1]: Mounting Mount unit for core20, revision 1623...
Nov 15 07:48:13 ubuntu-s-1vcpu-1gb-ams3-golang systemd[1]: Mounting Mount unit for lxd, revision 23680...
Nov 15 07:48:13 ubuntu-s-1vcpu-1gb-ams3-golang systemd[1]: Mounting Mount unit for snapd, revision 17336...
Nov 15 07:48:13 ubuntu-s-1vcpu-1gb-ams3-golang systemd-udevd[376]: Using default interface naming scheme 'v251'.
Nov 15 07:48:13 ubuntu-s-1vcpu-1gb-ams3-golang systemd[1]: Mounted Mount unit for core20, revision 1623.
Nov 15 07:48:13 ubuntu-s-1vcpu-1gb-ams3-golang systemd[1]: Mounted Mount unit for lxd, revision 23680.
Nov 15 07:48:13 ubuntu-s-1vcpu-1gb-ams3-golang systemd[1]: Mounted Mount unit for snapd, revision 17336.
Nov 15 07:48:13 ubuntu-s-1vcpu-1gb-ams3-golang systemd[1]: Started Rule-based Manager for Device Events and Files.
Nov 15 07:48:13 ubuntu-s-1vcpu-1gb-ams3-golang systemd[1]: Show Plymouth Boot Screen was skipped because of a failed condition check (ConditionKernelCommandLine=splash).
Nov 15 07:48:13 ubuntu-s-1vcpu-1gb-ams3-golang systemd[1]: Started Dispatch Password Requests to Console Directory Watch.
Nov 15 07:48:13 ubuntu-s-1vcpu-1gb-ams3-golang systemd[1]: Forward Password Requests to Plymouth Directory Watch was skipped because of a failed condition check (ConditionPathExists=/run/plymouth/pid).
Nov 15 07:48:13 ubuntu-s-1vcpu-1gb-ams3-golang systemd[1]: Reached target Local Encrypted Volumes.
Nov 15 07:48:13 ubuntu-s-1vcpu-1gb-ams3-golang systemd[1]: Found device /dev/ttyS0.
Nov 15 07:48:13 ubuntu-s-1vcpu-1gb-ams3-golang systemd-udevd[387]: vdb: Process '/usr/bin/unshare -m /usr/bin/snap auto-import --mount=/dev/vdb' failed with exit code 1.
Nov 15 07:48:13 ubuntu-s-1vcpu-1gb-ams3-golang systemd-udevd[393]: vda: Process '/usr/bin/unshare -m /usr/bin/snap auto-import --mount=/dev/vda' failed with exit code 1.
Nov 15 07:48:13 ubuntu-s-1vcpu-1gb-ams3-golang systemd-udevd[393]: vda1: Process '/usr/bin/unshare -m /usr/bin/snap auto-import --mount=/dev/vda1' failed with exit code 1.
Nov 15 07:48:13 ubuntu-s-1vcpu-1gb-ams3-golang systemd-udevd[389]: Network interface NamePolicy= disabled on kernel command line.
Nov 15 07:48:13 ubuntu-s-1vcpu-1gb-ams3-golang systemd-udevd[395]: Network interface NamePolicy= disabled on kernel command line.
Nov 15 07:48:13 ubuntu-s-1vcpu-1gb-ams3-golang systemd-udevd[388]: vda15: Process '/usr/bin/unshare -m /usr/bin/snap auto-import --mount=/dev/vda15' failed with exit code 1.
Nov 15 07:48:13 ubuntu-s-1vcpu-1gb-ams3-golang systemd[1]: Found device /dev/disk/by-label/UEFI.
Nov 15 07:48:13 ubuntu-s-1vcpu-1gb-ams3-golang systemd[1]: Starting File System Check on /dev/disk/by-label/UEFI...
Nov 15 07:48:13 ubuntu-s-1vcpu-1gb-ams3-golang systemd-fsck[428]: fsck.fat 4.2 (2021-01-31)
Nov 15 07:48:13 ubuntu-s-1vcpu-1gb-ams3-golang systemd-fsck[428]: /dev/vda15: 12 files, 10658/213716 clusters
Nov 15 07:48:13 ubuntu-s-1vcpu-1gb-ams3-golang systemd[1]: Finished File System Check on /dev/disk/by-label/UEFI.
Nov 15 07:48:13 ubuntu-s-1vcpu-1gb-ams3-golang systemd-udevd[394]: vda14: Process '/usr/bin/unshare -m /usr/bin/snap auto-import --mount=/dev/vda14' failed with exit code 1.
Nov 15 07:48:13 ubuntu-s-1vcpu-1gb-ams3-golang systemd[1]: Listening on Load/Save RF Kill Switch Status /dev/rfkill Watch.
Nov 15 07:48:13 ubuntu-s-1vcpu-1gb-ams3-golang systemd[1]: Mounting /boot/efi...
Nov 15 07:48:13 ubuntu-s-1vcpu-1gb-ams3-golang systemd[1]: Mounted /boot/efi.
Nov 15 07:48:13 ubuntu-s-1vcpu-1gb-ams3-golang systemd[1]: Reached target Local File Systems.
Nov 15 07:48:13 ubuntu-s-1vcpu-1gb-ams3-golang systemd[1]: Starting Load AppArmor profiles...
Nov 15 07:48:13 ubuntu-s-1vcpu-1gb-ams3-golang systemd[1]: Starting Set console font and keymap...
Nov 15 07:48:13 ubuntu-s-1vcpu-1gb-ams3-golang systemd[1]: Starting Create final runtime dir for shutdown pivot root...
Nov 15 07:48:13 ubuntu-s-1vcpu-1gb-ams3-golang apparmor.systemd[439]: Restarting AppArmor
Nov 15 07:48:13 ubuntu-s-1vcpu-1gb-ams3-golang apparmor.systemd[439]: Reloading AppArmor profiles
Nov 15 07:48:13 ubuntu-s-1vcpu-1gb-ams3-golang systemd[1]: Starting Tell Plymouth To Write Out Runtime Data...
Nov 15 07:48:13 ubuntu-s-1vcpu-1gb-ams3-golang systemd[1]: Set Up Additional Binary Formats was skipped because all trigger condition checks failed.
Nov 15 07:48:13 ubuntu-s-1vcpu-1gb-ams3-golang systemd[1]: Commit a transient machine-id on disk was skipped because of a failed condition check (ConditionPathIsMountPoint=/etc/machine-id).
Nov 15 07:48:13 ubuntu-s-1vcpu-1gb-ams3-golang systemd[1]: Starting Create Volatile Files and Directories...
Nov 15 07:48:13 ubuntu-s-1vcpu-1gb-ams3-golang systemd[1]: Starting Uncomplicated firewall...
Nov 15 07:48:13 ubuntu-s-1vcpu-1gb-ams3-golang systemd[1]: Finished Set console font and keymap.
Nov 15 07:48:13 ubuntu-s-1vcpu-1gb-ams3-golang systemd[1]: Finished Create final runtime dir for shutdown pivot root.
Nov 15 07:48:13 ubuntu-s-1vcpu-1gb-ams3-golang systemd[1]: Finished Tell Plymouth To Write Out Runtime Data.
Nov 15 07:48:13 ubuntu-s-1vcpu-1gb-ams3-golang systemd[1]: Finished Uncomplicated firewall.
Nov 15 07:48:13 ubuntu-s-1vcpu-1gb-ams3-golang systemd[1]: Finished Create Volatile Files and Directories.
Nov 15 07:48:13 ubuntu-s-1vcpu-1gb-ams3-golang systemd[1]: Starting Network Name Resolution...
Nov 15 07:48:13 ubuntu-s-1vcpu-1gb-ams3-golang systemd[1]: Starting Network Time Synchronization...
Nov 15 07:48:13 ubuntu-s-1vcpu-1gb-ams3-golang systemd[1]: Starting Record System Boot/Shutdown in UTMP...
Nov 15 07:48:13 ubuntu-s-1vcpu-1gb-ams3-golang systemd[1]: Finished Record System Boot/Shutdown in UTMP.
Nov 15 07:48:13 ubuntu-s-1vcpu-1gb-ams3-golang apparmor.systemd[462]: Skipping profile in /etc/apparmor.d/disable: usr.sbin.rsyslogd
Nov 15 07:48:13 ubuntu-s-1vcpu-1gb-ams3-golang systemd[1]: Finished Load AppArmor profiles.
Nov 15 07:48:13 ubuntu-s-1vcpu-1gb-ams3-golang systemd[1]: Starting Load AppArmor profiles managed internally by snapd...
Nov 15 07:48:13 ubuntu-s-1vcpu-1gb-ams3-golang systemd[1]: Authentication service for virtual machines hosted on VMware was skipped because of a failed condition check (ConditionVirtualization=vmware).
Nov 15 07:48:13 ubuntu-s-1vcpu-1gb-ams3-golang systemd[1]: Service for virtual machines hosted on VMware was skipped because of a failed condition check (ConditionVirtualization=vmware).
Nov 15 07:48:13 ubuntu-s-1vcpu-1gb-ams3-golang systemd[1]: Starting Initial cloud-init job (pre-networking)...
Nov 15 07:48:13 ubuntu-s-1vcpu-1gb-ams3-golang systemd[1]: proc-sys-fs-binfmt_misc.automount: Got automount request for /proc/sys/fs/binfmt_misc, triggered by 463 (snapd-apparmor)
Nov 15 07:48:13 ubuntu-s-1vcpu-1gb-ams3-golang systemd[1]: Mounting Arbitrary Executable File Formats File System...
Nov 15 07:48:13 ubuntu-s-1vcpu-1gb-ams3-golang systemd[1]: Mounted Arbitrary Executable File Formats File System.
Nov 15 07:48:13 ubuntu-s-1vcpu-1gb-ams3-golang systemd-resolved[456]: Positive Trust Anchors:
Nov 15 07:48:13 ubuntu-s-1vcpu-1gb-ams3-golang systemd-resolved[456]: . IN DS 20326 8 2 e06d44b80b8f1d39a95c0b0d7c65d08458e880409bbc683457104237c7f8ec8d
Nov 15 07:48:13 ubuntu-s-1vcpu-1gb-ams3-golang systemd-resolved[456]: Negative trust anchors: home.arpa 10.in-addr.arpa 16.172.in-addr.arpa 17.172.in-addr.arpa 18.172.in-addr.arpa 19.172.in-addr.arpa 20.172.in-addr.arpa 21.172.in-addr.arpa 22.172.in-addr.arpa 23.172.in-addr.arpa 24.172.in-addr.arpa 25.172.in-addr.arpa 26.172.in-addr.arpa 27.172.in-addr.arpa 28.172.in-addr.arpa 29.172.in-addr.arpa 30.172.in-addr.arpa 31.172.in-addr.arpa 168.192.in-addr.arpa d.f.ip6.arpa corp home internal intranet lan local private test
Nov 15 07:48:13 ubuntu-s-1vcpu-1gb-ams3-golang systemd[1]: Started Network Time Synchronization.
Nov 15 07:48:13 ubuntu-s-1vcpu-1gb-ams3-golang systemd[1]: Reached target System Time Set.
Nov 15 07:48:13 ubuntu-s-1vcpu-1gb-ams3-golang systemd-resolved[456]: Using system hostname 'ubuntu'.
Nov 15 07:48:13 ubuntu-s-1vcpu-1gb-ams3-golang systemd[1]: Started Network Name Resolution.
Nov 15 07:48:13 ubuntu-s-1vcpu-1gb-ams3-golang systemd[1]: Reached target Host and Network Name Lookups.
Nov 15 07:48:13 ubuntu-s-1vcpu-1gb-ams3-golang systemd[1]: Finished Load AppArmor profiles managed internally by snapd.
Nov 15 07:48:13 ubuntu-s-1vcpu-1gb-ams3-golang cloud-init[492]: Cloud-init v. 22.3.4-0ubuntu1 running 'init-local' at Tue, 15 Nov 2022 07:47:57 +0000. Up 6.11 seconds.
Nov 15 07:48:13 ubuntu-s-1vcpu-1gb-ams3-golang systemd[1]: run-cloud\x2dinit-tmp-tmpieq77e35.mount: Deactivated successfully.
Nov 15 07:48:13 ubuntu-s-1vcpu-1gb-ams3-golang systemd-resolved[456]: System hostname changed to 'ubuntu-s-1vcpu-1gb-ams3-golang'.
Nov 15 07:48:13 ubuntu-s-1vcpu-1gb-ams3-golang systemd[1]: OpenVSwitch configuration for cleanup was skipped because of a failed condition check (ConditionFileIsExecutable=/usr/bin/ovs-vsctl).
Nov 15 07:48:13 ubuntu-s-1vcpu-1gb-ams3-golang systemd[1]: Finished Initial cloud-init job (pre-networking).
Nov 15 07:48:13 ubuntu-s-1vcpu-1gb-ams3-golang systemd[1]: Reached target Preparation for Network.
Nov 15 07:48:13 ubuntu-s-1vcpu-1gb-ams3-golang systemd[1]: Starting Network Configuration...
Nov 15 07:48:13 ubuntu-s-1vcpu-1gb-ams3-golang systemd-networkd[522]: lo: Link UP
Nov 15 07:48:13 ubuntu-s-1vcpu-1gb-ams3-golang systemd-networkd[522]: lo: Gained carrier
Nov 15 07:48:13 ubuntu-s-1vcpu-1gb-ams3-golang systemd-networkd[522]: Enumeration completed
Nov 15 07:48:13 ubuntu-s-1vcpu-1gb-ams3-golang systemd[1]: Started Network Configuration.
Nov 15 07:48:13 ubuntu-s-1vcpu-1gb-ams3-golang systemd[1]: Reached target Network.
Nov 15 07:48:13 ubuntu-s-1vcpu-1gb-ams3-golang systemd[1]: Starting Wait for Network to be Configured...
Nov 15 07:48:13 ubuntu-s-1vcpu-1gb-ams3-golang systemd-networkd[522]: eth1: found matching network '/run/systemd/network/10-netplan-eth1.network', based on potentially unpredictable interface name.
Nov 15 07:48:13 ubuntu-s-1vcpu-1gb-ams3-golang systemd-networkd[522]: eth1: Configuring with /run/systemd/network/10-netplan-eth1.network.
Nov 15 07:48:13 ubuntu-s-1vcpu-1gb-ams3-golang systemd-networkd[522]: eth0: found matching network '/run/systemd/network/10-netplan-eth0.network', based on potentially unpredictable interface name.
Nov 15 07:48:13 ubuntu-s-1vcpu-1gb-ams3-golang systemd-networkd[522]: eth0: Configuring with /run/systemd/network/10-netplan-eth0.network.
Nov 15 07:48:13 ubuntu-s-1vcpu-1gb-ams3-golang systemd-networkd[522]: eth1: Link UP
Nov 15 07:48:13 ubuntu-s-1vcpu-1gb-ams3-golang systemd-networkd[522]: eth1: Gained carrier
Nov 15 07:48:13 ubuntu-s-1vcpu-1gb-ams3-golang systemd-networkd[522]: eth1: found matching network '/run/systemd/network/10-netplan-eth1.network', based on potentially unpredictable interface name.
Nov 15 07:48:13 ubuntu-s-1vcpu-1gb-ams3-golang systemd-networkd[522]: eth0: Link UP
Nov 15 07:48:13 ubuntu-s-1vcpu-1gb-ams3-golang systemd-networkd[522]: eth0: Gained carrier
Nov 15 07:48:13 ubuntu-s-1vcpu-1gb-ams3-golang systemd-networkd[522]: eth0: found matching network '/run/systemd/network/10-netplan-eth0.network', based on potentially unpredictable interface name.
Nov 15 07:48:13 ubuntu-s-1vcpu-1gb-ams3-golang systemd-timesyncd[457]: Network configuration changed, trying to establish connection.
Nov 15 07:48:13 ubuntu-s-1vcpu-1gb-ams3-golang systemd-timesyncd[457]: Network configuration changed, trying to establish connection.
Nov 15 07:48:13 ubuntu-s-1vcpu-1gb-ams3-golang systemd-networkd[522]: eth1: Gained IPv6LL
Nov 15 07:48:13 ubuntu-s-1vcpu-1gb-ams3-golang systemd-timesyncd[457]: Network configuration changed, trying to establish connection.
Nov 15 07:48:13 ubuntu-s-1vcpu-1gb-ams3-golang systemd-networkd[522]: eth0: Gained IPv6LL
Nov 15 07:48:13 ubuntu-s-1vcpu-1gb-ams3-golang systemd-timesyncd[457]: Network configuration changed, trying to establish connection.
Nov 15 07:48:13 ubuntu-s-1vcpu-1gb-ams3-golang systemd-timesyncd[457]: Network configuration changed, trying to establish connection.
Nov 15 07:48:13 ubuntu-s-1vcpu-1gb-ams3-golang systemd-networkd-wait-online[524]: managing: eth1
Nov 15 07:48:13 ubuntu-s-1vcpu-1gb-ams3-golang systemd-networkd-wait-online[524]: managing: eth1
Nov 15 07:48:13 ubuntu-s-1vcpu-1gb-ams3-golang systemd-networkd-wait-online[524]: managing: eth0
Nov 15 07:48:13 ubuntu-s-1vcpu-1gb-ams3-golang systemd-timesyncd[457]: Contacted time server 185.125.190.58:123 (ntp.ubuntu.com).
Nov 15 07:48:13 ubuntu-s-1vcpu-1gb-ams3-golang systemd-timesyncd[457]: Initial clock synchronization to Tue 2022-11-15 07:48:11.292032 UTC.
Nov 15 07:48:13 ubuntu-s-1vcpu-1gb-ams3-golang systemd[1]: Finished Wait for Network to be Configured.
Nov 15 07:48:13 ubuntu-s-1vcpu-1gb-ams3-golang systemd[1]: Starting Initial cloud-init job (metadata service crawler)...
Nov 15 07:48:13 ubuntu-s-1vcpu-1gb-ams3-golang cloud-init[530]: Cloud-init v. 22.3.4-0ubuntu1 running 'init' at Tue, 15 Nov 2022 07:48:11 +0000. Up 20.32 seconds.
Nov 15 07:48:13 ubuntu-s-1vcpu-1gb-ams3-golang cloud-init[530]: ci-info: +++++++++++++++++++++++++++++++++++++++Net device info+++++++++++++++++++++++++++++++++++++++
Nov 15 07:48:13 ubuntu-s-1vcpu-1gb-ams3-golang cloud-init[530]: ci-info: +--------+------+------------------------------+---------------+--------+-------------------+
Nov 15 07:48:13 ubuntu-s-1vcpu-1gb-ams3-golang cloud-init[530]: ci-info: | Device |  Up  |           Address            |      Mask     | Scope  |     Hw-Address    |
Nov 15 07:48:13 ubuntu-s-1vcpu-1gb-ams3-golang cloud-init[530]: ci-info: +--------+------+------------------------------+---------------+--------+-------------------+
Nov 15 07:48:13 ubuntu-s-1vcpu-1gb-ams3-golang cloud-init[530]: ci-info: |  eth0  | True |        146.190.81.31         | 255.255.240.0 | global | ea:00:b6:ae:f1:7b |
Nov 15 07:48:13 ubuntu-s-1vcpu-1gb-ams3-golang cloud-init[530]: ci-info: |  eth0  | True |          10.15.0.6           |  255.255.0.0  | global | ea:00:b6:ae:f1:7b |
Nov 15 07:48:13 ubuntu-s-1vcpu-1gb-ams3-golang cloud-init[530]: ci-info: |  eth0  | True | fe80::e800:b6ff:feae:f17b/64 |       .       |  link  | ea:00:b6:ae:f1:7b |
Nov 15 07:48:13 ubuntu-s-1vcpu-1gb-ams3-golang cloud-init[530]: ci-info: |  eth1  | True |          10.104.0.3          | 255.255.240.0 | global | 06:bb:4c:ae:e3:02 |
Nov 15 07:48:13 ubuntu-s-1vcpu-1gb-ams3-golang cloud-init[530]: ci-info: |  eth1  | True | fe80::4bb:4cff:feae:e302/64  |       .       |  link  | 06:bb:4c:ae:e3:02 |
Nov 15 07:48:13 ubuntu-s-1vcpu-1gb-ams3-golang cloud-init[530]: ci-info: |   lo   | True |          127.0.0.1           |   255.0.0.0   |  host  |         .         |
Nov 15 07:48:13 ubuntu-s-1vcpu-1gb-ams3-golang cloud-init[530]: ci-info: |   lo   | True |           ::1/128            |       .       |  host  |         .         |
Nov 15 07:48:13 ubuntu-s-1vcpu-1gb-ams3-golang cloud-init[530]: ci-info: +--------+------+------------------------------+---------------+--------+-------------------+
Nov 15 07:48:13 ubuntu-s-1vcpu-1gb-ams3-golang cloud-init[530]: ci-info: ++++++++++++++++++++++++++++++Route IPv4 info++++++++++++++++++++++++++++++
Nov 15 07:48:13 ubuntu-s-1vcpu-1gb-ams3-golang cloud-init[530]: ci-info: +-------+--------------+--------------+---------------+-----------+-------+
Nov 15 07:48:13 ubuntu-s-1vcpu-1gb-ams3-golang cloud-init[530]: ci-info: | Route | Destination  |   Gateway    |    Genmask    | Interface | Flags |
Nov 15 07:48:13 ubuntu-s-1vcpu-1gb-ams3-golang cloud-init[530]: ci-info: +-------+--------------+--------------+---------------+-----------+-------+
Nov 15 07:48:13 ubuntu-s-1vcpu-1gb-ams3-golang cloud-init[530]: ci-info: |   0   |   0.0.0.0    | 146.190.80.1 |    0.0.0.0    |    eth0   |   UG  |
Nov 15 07:48:13 ubuntu-s-1vcpu-1gb-ams3-golang cloud-init[530]: ci-info: |   1   |  10.15.0.0   |   0.0.0.0    |  255.255.0.0  |    eth0   |   U   |
Nov 15 07:48:13 ubuntu-s-1vcpu-1gb-ams3-golang cloud-init[530]: ci-info: |   2   |  10.104.0.0  |   0.0.0.0    | 255.255.240.0 |    eth1   |   U   |
Nov 15 07:48:13 ubuntu-s-1vcpu-1gb-ams3-golang cloud-init[530]: ci-info: |   3   | 146.190.80.0 |   0.0.0.0    | 255.255.240.0 |    eth0   |   U   |
Nov 15 07:48:13 ubuntu-s-1vcpu-1gb-ams3-golang cloud-init[530]: ci-info: +-------+--------------+--------------+---------------+-----------+-------+
Nov 15 07:48:13 ubuntu-s-1vcpu-1gb-ams3-golang cloud-init[530]: ci-info: +++++++++++++++++++Route IPv6 info+++++++++++++++++++
Nov 15 07:48:13 ubuntu-s-1vcpu-1gb-ams3-golang cloud-init[530]: ci-info: +-------+-------------+---------+-----------+-------+
Nov 15 07:48:13 ubuntu-s-1vcpu-1gb-ams3-golang cloud-init[530]: ci-info: | Route | Destination | Gateway | Interface | Flags |
Nov 15 07:48:13 ubuntu-s-1vcpu-1gb-ams3-golang cloud-init[530]: ci-info: +-------+-------------+---------+-----------+-------+
Nov 15 07:48:13 ubuntu-s-1vcpu-1gb-ams3-golang cloud-init[530]: ci-info: |   1   |  fe80::/64  |    ::   |    eth1   |   U   |
Nov 15 07:48:13 ubuntu-s-1vcpu-1gb-ams3-golang cloud-init[530]: ci-info: |   2   |  fe80::/64  |    ::   |    eth0   |   U   |
Nov 15 07:48:13 ubuntu-s-1vcpu-1gb-ams3-golang cloud-init[530]: ci-info: |   4   |    local    |    ::   |    eth1   |   U   |
Nov 15 07:48:13 ubuntu-s-1vcpu-1gb-ams3-golang cloud-init[530]: ci-info: |   5   |    local    |    ::   |    eth0   |   U   |
Nov 15 07:48:13 ubuntu-s-1vcpu-1gb-ams3-golang cloud-init[530]: ci-info: |   6   |  multicast  |    ::   |    eth1   |   U   |
Nov 15 07:48:13 ubuntu-s-1vcpu-1gb-ams3-golang cloud-init[530]: ci-info: |   7   |  multicast  |    ::   |    eth0   |   U   |
Nov 15 07:48:13 ubuntu-s-1vcpu-1gb-ams3-golang cloud-init[530]: ci-info: +-------+-------------+---------+-----------+-------+
Nov 15 07:48:13 ubuntu-s-1vcpu-1gb-ams3-golang DigitalOcean: writing resolvers  to /etc/systemd/resolved.conf.d/DigitalOcean.conf
Nov 15 07:48:13 ubuntu-s-1vcpu-1gb-ams3-golang systemd[1]: Stopping Network Name Resolution...
Nov 15 07:48:13 ubuntu-s-1vcpu-1gb-ams3-golang systemd[1]: systemd-resolved.service: Deactivated successfully.
Nov 15 07:48:13 ubuntu-s-1vcpu-1gb-ams3-golang systemd[1]: Stopped Network Name Resolution.
Nov 15 07:48:13 ubuntu-s-1vcpu-1gb-ams3-golang systemd[1]: Starting Network Name Resolution...
Nov 15 07:48:13 ubuntu-s-1vcpu-1gb-ams3-golang systemd-resolved[541]: Positive Trust Anchors:
Nov 15 07:48:13 ubuntu-s-1vcpu-1gb-ams3-golang systemd-resolved[541]: . IN DS 20326 8 2 e06d44b80b8f1d39a95c0b0d7c65d08458e880409bbc683457104237c7f8ec8d
Nov 15 07:48:13 ubuntu-s-1vcpu-1gb-ams3-golang systemd-resolved[541]: Negative trust anchors: home.arpa 10.in-addr.arpa 16.172.in-addr.arpa 17.172.in-addr.arpa 18.172.in-addr.arpa 19.172.in-addr.arpa 20.172.in-addr.arpa 21.172.in-addr.arpa 22.172.in-addr.arpa 23.172.in-addr.arpa 24.172.in-addr.arpa 25.172.in-addr.arpa 26.172.in-addr.arpa 27.172.in-addr.arpa 28.172.in-addr.arpa 29.172.in-addr.arpa 30.172.in-addr.arpa 31.172.in-addr.arpa 168.192.in-addr.arpa d.f.ip6.arpa corp home internal intranet lan local private test
Nov 15 07:48:13 ubuntu-s-1vcpu-1gb-ams3-golang systemd-resolved[541]: Using system hostname 'ubuntu-s-1vcpu-1gb-ams3-golang'.
Nov 15 07:48:13 ubuntu-s-1vcpu-1gb-ams3-golang systemd[1]: Started Network Name Resolution.
Nov 15 07:48:13 ubuntu-s-1vcpu-1gb-ams3-golang DigitalOcean: adding random seed to /dev/urandom
Nov 15 07:48:13 ubuntu-s-1vcpu-1gb-ams3-golang systemd[1]: Stopping Rule-based Manager for Device Events and Files...
Nov 15 07:48:13 ubuntu-s-1vcpu-1gb-ams3-golang systemd[1]: systemd-udevd.service: Deactivated successfully.
Nov 15 07:48:13 ubuntu-s-1vcpu-1gb-ams3-golang systemd[1]: Stopped Rule-based Manager for Device Events and Files.
Nov 15 07:48:13 ubuntu-s-1vcpu-1gb-ams3-golang systemd[1]: Starting Rule-based Manager for Device Events and Files...
Nov 15 07:48:13 ubuntu-s-1vcpu-1gb-ams3-golang systemd-udevd[565]: Using default interface naming scheme 'v251'.
Nov 15 07:48:13 ubuntu-s-1vcpu-1gb-ams3-golang systemd[1]: Started Rule-based Manager for Device Events and Files.
Nov 15 07:48:13 ubuntu-s-1vcpu-1gb-ams3-golang cloud-init[530]: Generating public/private rsa key pair.
Nov 15 07:48:13 ubuntu-s-1vcpu-1gb-ams3-golang cloud-init[530]: Your identification has been saved in /etc/ssh/ssh_host_rsa_key
Nov 15 07:48:13 ubuntu-s-1vcpu-1gb-ams3-golang cloud-init[530]: Your public key has been saved in /etc/ssh/ssh_host_rsa_key.pub
Nov 15 07:48:13 ubuntu-s-1vcpu-1gb-ams3-golang cloud-init[530]: The key fingerprint is:
Nov 15 07:48:13 ubuntu-s-1vcpu-1gb-ams3-golang cloud-init[530]: SHA256:SVJAE3zJOT2WacLwfciEvPqWHndVSFWIoj2/6mLDPcQ root@ubuntu-s-1vcpu-1gb-ams3-golang
Nov 15 07:48:13 ubuntu-s-1vcpu-1gb-ams3-golang cloud-init[530]: The key's randomart image is:
Nov 15 07:48:13 ubuntu-s-1vcpu-1gb-ams3-golang cloud-init[530]: +---[RSA 3072]----+
Nov 15 07:48:13 ubuntu-s-1vcpu-1gb-ams3-golang cloud-init[530]: |     o*B.=.o ..o+|
Nov 15 07:48:13 ubuntu-s-1vcpu-1gb-ams3-golang cloud-init[530]: |      .+@+O..... |
Nov 15 07:48:13 ubuntu-s-1vcpu-1gb-ams3-golang cloud-init[530]: |      ..oO+o. . .|
Nov 15 07:48:13 ubuntu-s-1vcpu-1gb-ams3-golang cloud-init[530]: |       oo.o.   . |
Nov 15 07:48:13 ubuntu-s-1vcpu-1gb-ams3-golang cloud-init[530]: |       .S. o  .  |
Nov 15 07:48:13 ubuntu-s-1vcpu-1gb-ams3-golang cloud-init[530]: |      .   E ..   |
Nov 15 07:48:13 ubuntu-s-1vcpu-1gb-ams3-golang cloud-init[530]: |       o.+. ..   |
Nov 15 07:48:13 ubuntu-s-1vcpu-1gb-ams3-golang cloud-init[530]: |        Ooo..    |
Nov 15 07:48:13 ubuntu-s-1vcpu-1gb-ams3-golang cloud-init[530]: |       +.+oo     |
Nov 15 07:48:13 ubuntu-s-1vcpu-1gb-ams3-golang cloud-init[530]: +----[SHA256]-----+
Nov 15 07:48:13 ubuntu-s-1vcpu-1gb-ams3-golang cloud-init[530]: Generating public/private dsa key pair.
Nov 15 07:48:13 ubuntu-s-1vcpu-1gb-ams3-golang cloud-init[530]: Your identification has been saved in /etc/ssh/ssh_host_dsa_key
Nov 15 07:48:13 ubuntu-s-1vcpu-1gb-ams3-golang cloud-init[530]: Your public key has been saved in /etc/ssh/ssh_host_dsa_key.pub
Nov 15 07:48:13 ubuntu-s-1vcpu-1gb-ams3-golang cloud-init[530]: The key fingerprint is:
Nov 15 07:48:13 ubuntu-s-1vcpu-1gb-ams3-golang cloud-init[530]: SHA256:aBmASI0gNe1DBV7WHdW3ElD/bTefO3xn59GhfpJjjZc root@ubuntu-s-1vcpu-1gb-ams3-golang
Nov 15 07:48:13 ubuntu-s-1vcpu-1gb-ams3-golang cloud-init[530]: The key's randomart image is:
Nov 15 07:48:13 ubuntu-s-1vcpu-1gb-ams3-golang cloud-init[530]: +---[DSA 1024]----+
Nov 15 07:48:13 ubuntu-s-1vcpu-1gb-ams3-golang cloud-init[530]: |=+=ooo+. ..++o   |
Nov 15 07:48:13 ubuntu-s-1vcpu-1gb-ams3-golang cloud-init[530]: |o..+o+  . .  .o .|
Nov 15 07:48:13 ubuntu-s-1vcpu-1gb-ams3-golang cloud-init[530]: |   o. .       .o.|
Nov 15 07:48:13 ubuntu-s-1vcpu-1gb-ams3-golang cloud-init[530]: |    o  +     . .o|
Nov 15 07:48:13 ubuntu-s-1vcpu-1gb-ams3-golang cloud-init[530]: |     .+ S     .o=|
Nov 15 07:48:13 ubuntu-s-1vcpu-1gb-ams3-golang cloud-init[530]: |     .        ..B|
Nov 15 07:48:13 ubuntu-s-1vcpu-1gb-ams3-golang cloud-init[530]: |             .=o+|
Nov 15 07:48:13 ubuntu-s-1vcpu-1gb-ams3-golang cloud-init[530]: |            .* EB|
Nov 15 07:48:13 ubuntu-s-1vcpu-1gb-ams3-golang cloud-init[530]: |            ..=+*|
Nov 15 07:48:13 ubuntu-s-1vcpu-1gb-ams3-golang cloud-init[530]: +----[SHA256]-----+
Nov 15 07:48:13 ubuntu-s-1vcpu-1gb-ams3-golang cloud-init[530]: Generating public/private ecdsa key pair.
Nov 15 07:48:13 ubuntu-s-1vcpu-1gb-ams3-golang cloud-init[530]: Your identification has been saved in /etc/ssh/ssh_host_ecdsa_key
Nov 15 07:48:13 ubuntu-s-1vcpu-1gb-ams3-golang cloud-init[530]: Your public key has been saved in /etc/ssh/ssh_host_ecdsa_key.pub
Nov 15 07:48:13 ubuntu-s-1vcpu-1gb-ams3-golang cloud-init[530]: The key fingerprint is:
Nov 15 07:48:13 ubuntu-s-1vcpu-1gb-ams3-golang cloud-init[530]: SHA256:l+LP666++7tmPYRfcuCf5N5BwmMemXsWLURqbeyHFOg root@ubuntu-s-1vcpu-1gb-ams3-golang
Nov 15 07:48:13 ubuntu-s-1vcpu-1gb-ams3-golang cloud-init[530]: The key's randomart image is:
Nov 15 07:48:13 ubuntu-s-1vcpu-1gb-ams3-golang cloud-init[530]: +---[ECDSA 256]---+
Nov 15 07:48:13 ubuntu-s-1vcpu-1gb-ams3-golang cloud-init[530]: |             .o  |
Nov 15 07:48:13 ubuntu-s-1vcpu-1gb-ams3-golang cloud-init[530]: |            .= . |
Nov 15 07:48:13 ubuntu-s-1vcpu-1gb-ams3-golang cloud-init[530]: |           .o *  |
Nov 15 07:48:13 ubuntu-s-1vcpu-1gb-ams3-golang cloud-init[530]: |           oE=o..|
Nov 15 07:48:13 ubuntu-s-1vcpu-1gb-ams3-golang cloud-init[530]: |        S oo X+oo|
Nov 15 07:48:13 ubuntu-s-1vcpu-1gb-ams3-golang cloud-init[530]: |       . o. * Xo.|
Nov 15 07:48:13 ubuntu-s-1vcpu-1gb-ams3-golang cloud-init[530]: |        .  + X = |
Nov 15 07:48:13 ubuntu-s-1vcpu-1gb-ams3-golang cloud-init[530]: |         oo + *..|
Nov 15 07:48:13 ubuntu-s-1vcpu-1gb-ams3-golang cloud-init[530]: |       .=XX+ o. .|
Nov 15 07:48:13 ubuntu-s-1vcpu-1gb-ams3-golang cloud-init[530]: +----[SHA256]-----+
Nov 15 07:48:13 ubuntu-s-1vcpu-1gb-ams3-golang cloud-init[530]: Generating public/private ed25519 key pair.
Nov 15 07:48:13 ubuntu-s-1vcpu-1gb-ams3-golang cloud-init[530]: Your identification has been saved in /etc/ssh/ssh_host_ed25519_key
Nov 15 07:48:13 ubuntu-s-1vcpu-1gb-ams3-golang cloud-init[530]: Your public key has been saved in /etc/ssh/ssh_host_ed25519_key.pub
Nov 15 07:48:13 ubuntu-s-1vcpu-1gb-ams3-golang cloud-init[530]: The key fingerprint is:
Nov 15 07:48:13 ubuntu-s-1vcpu-1gb-ams3-golang cloud-init[530]: SHA256:4cKTazhlqS7Q/h93Ppedu9FV6T14zUbTn7G6FFTzno8 root@ubuntu-s-1vcpu-1gb-ams3-golang
Nov 15 07:48:13 ubuntu-s-1vcpu-1gb-ams3-golang cloud-init[530]: The key's randomart image is:
Nov 15 07:48:13 ubuntu-s-1vcpu-1gb-ams3-golang cloud-init[530]: +--[ED25519 256]--+
Nov 15 07:48:13 ubuntu-s-1vcpu-1gb-ams3-golang cloud-init[530]: |               o |
Nov 15 07:48:13 ubuntu-s-1vcpu-1gb-ams3-golang cloud-init[530]: |              . =|
Nov 15 07:48:13 ubuntu-s-1vcpu-1gb-ams3-golang cloud-init[530]: |        .    . +=|
Nov 15 07:48:13 ubuntu-s-1vcpu-1gb-ams3-golang cloud-init[530]: |     . + .  . o+@|
Nov 15 07:48:13 ubuntu-s-1vcpu-1gb-ams3-golang cloud-init[530]: | .    O S    o BO|
Nov 15 07:48:13 ubuntu-s-1vcpu-1gb-ams3-golang cloud-init[530]: |. .  = +      +++|
Nov 15 07:48:13 ubuntu-s-1vcpu-1gb-ams3-golang cloud-init[530]: | o  + + . .  =E.o|
Nov 15 07:48:13 ubuntu-s-1vcpu-1gb-ams3-golang cloud-init[530]: |  o. o o o. + +. |
Nov 15 07:48:13 ubuntu-s-1vcpu-1gb-ams3-golang cloud-init[530]: |   oo..   .o .oo |
Nov 15 07:48:13 ubuntu-s-1vcpu-1gb-ams3-golang cloud-init[530]: +----[SHA256]-----+
Nov 15 07:48:13 ubuntu-s-1vcpu-1gb-ams3-golang systemd[1]: Finished Initial cloud-init job (metadata service crawler).
Nov 15 07:48:13 ubuntu-s-1vcpu-1gb-ams3-golang systemd[1]: Reached target Cloud-config availability.
Nov 15 07:48:13 ubuntu-s-1vcpu-1gb-ams3-golang systemd[1]: Reached target Network is Online.
Nov 15 07:48:13 ubuntu-s-1vcpu-1gb-ams3-golang systemd[1]: Reached target System Initialization.
Nov 15 07:48:13 ubuntu-s-1vcpu-1gb-ams3-golang systemd[1]: Process error reports when automatic reporting is enabled (file watch) was skipped because of a failed condition check (ConditionPathExists=/var/lib/apport/autoreport).
Nov 15 07:48:13 ubuntu-s-1vcpu-1gb-ams3-golang systemd[1]: Process error reports when automatic reporting is enabled (timer based) was skipped because of a failed condition check (ConditionPathExists=/var/lib/apport/autoreport).
Nov 15 07:48:13 ubuntu-s-1vcpu-1gb-ams3-golang systemd[1]: Started Daily apt download activities.
Nov 15 07:48:13 ubuntu-s-1vcpu-1gb-ams3-golang systemd[1]: Started Daily apt upgrade and clean activities.
Nov 15 07:48:13 ubuntu-s-1vcpu-1gb-ams3-golang systemd[1]: Started Daily dpkg database backup timer.
Nov 15 07:48:13 ubuntu-s-1vcpu-1gb-ams3-golang systemd[1]: Started Periodic ext4 Online Metadata Check for All Filesystems.
Nov 15 07:48:13 ubuntu-s-1vcpu-1gb-ams3-golang systemd[1]: Started Discard unused blocks once a week.
Nov 15 07:48:13 ubuntu-s-1vcpu-1gb-ams3-golang systemd[1]: Started Daily rotation of log files.
Nov 15 07:48:13 ubuntu-s-1vcpu-1gb-ams3-golang systemd[1]: Started Daily man-db regeneration.
Nov 15 07:48:13 ubuntu-s-1vcpu-1gb-ams3-golang systemd[1]: Started Message of the Day.
Nov 15 07:48:13 ubuntu-s-1vcpu-1gb-ams3-golang systemd[1]: Timer to automatically fetch and run repair assertions was skipped because all trigger condition checks failed.
Nov 15 07:48:13 ubuntu-s-1vcpu-1gb-ams3-golang systemd[1]: Started Daily Cleanup of Temporary Directories.
Nov 15 07:48:13 ubuntu-s-1vcpu-1gb-ams3-golang systemd[1]: Started Ubuntu Advantage Timer for running repeated jobs.
Nov 15 07:48:13 ubuntu-s-1vcpu-1gb-ams3-golang systemd[1]: Started Download data for packages that failed at package install time.
Nov 15 07:48:13 ubuntu-s-1vcpu-1gb-ams3-golang systemd[1]: Started Check to see whether there is a new version of Ubuntu available.
Nov 15 07:48:13 ubuntu-s-1vcpu-1gb-ams3-golang systemd[1]: Reached target Path Units.
Nov 15 07:48:13 ubuntu-s-1vcpu-1gb-ams3-golang systemd[1]: Reached target Timer Units.
Nov 15 07:48:13 ubuntu-s-1vcpu-1gb-ams3-golang systemd[1]: Unix socket for apport crash forwarding was skipped because of a failed condition check (ConditionVirtualization=container).
Nov 15 07:48:13 ubuntu-s-1vcpu-1gb-ams3-golang systemd[1]: Listening on cloud-init hotplug hook socket.
Nov 15 07:48:13 ubuntu-s-1vcpu-1gb-ams3-golang systemd[1]: Listening on D-Bus System Message Bus Socket.
Nov 15 07:48:13 ubuntu-s-1vcpu-1gb-ams3-golang systemd[1]: Listening on Open-iSCSI iscsid Socket.
Nov 15 07:48:13 ubuntu-s-1vcpu-1gb-ams3-golang systemd[1]: Starting Socket activation for snappy daemon...
Nov 15 07:48:13 ubuntu-s-1vcpu-1gb-ams3-golang systemd[1]: Listening on OpenBSD Secure Shell server socket.
Nov 15 07:48:13 ubuntu-s-1vcpu-1gb-ams3-golang systemd[1]: Listening on UUID daemon activation socket.
Nov 15 07:48:13 ubuntu-s-1vcpu-1gb-ams3-golang systemd[1]: Login to default iSCSI targets was skipped because all trigger condition checks failed.
Nov 15 07:48:13 ubuntu-s-1vcpu-1gb-ams3-golang systemd[1]: Reached target Preparation for Remote File Systems.
Nov 15 07:48:13 ubuntu-s-1vcpu-1gb-ams3-golang systemd[1]: Reached target Remote File Systems.
Nov 15 07:48:13 ubuntu-s-1vcpu-1gb-ams3-golang systemd[1]: Finished Availability of block devices.
Nov 15 07:48:13 ubuntu-s-1vcpu-1gb-ams3-golang systemd[1]: Listening on Socket activation for snappy daemon.
Nov 15 07:48:13 ubuntu-s-1vcpu-1gb-ams3-golang systemd[1]: Reached target Socket Units.
Nov 15 07:48:13 ubuntu-s-1vcpu-1gb-ams3-golang systemd[1]: Reached target Basic System.
Nov 15 07:48:13 ubuntu-s-1vcpu-1gb-ams3-golang systemd[1]: Starting LSB: automatic crash report generation...
Nov 15 07:48:13 ubuntu-s-1vcpu-1gb-ams3-golang systemd[1]: Started Regular background program processing daemon.
Nov 15 07:48:13 ubuntu-s-1vcpu-1gb-ams3-golang systemd[1]: Starting D-Bus System Message Bus...
Nov 15 07:48:13 ubuntu-s-1vcpu-1gb-ams3-golang cron[673]: (CRON) INFO (pidfile fd = 3)
Nov 15 07:48:13 ubuntu-s-1vcpu-1gb-ams3-golang systemd[1]: Started Save initial kernel messages after boot.
Nov 15 07:48:13 ubuntu-s-1vcpu-1gb-ams3-golang cron[673]: (CRON) INFO (Running @reboot jobs)
Nov 15 07:48:13 ubuntu-s-1vcpu-1gb-ams3-golang systemd[1]: Starting Remove Stale Online ext4 Metadata Check Snapshots...
Nov 15 07:48:13 ubuntu-s-1vcpu-1gb-ams3-golang systemd[1]: getty on tty2-tty6 if dbus and logind are not available was skipped because of a failed condition check (ConditionPathExists=!/usr/bin/dbus-daemon).
Nov 15 07:48:13 ubuntu-s-1vcpu-1gb-ams3-golang dbus-daemon[676]: [system] AppArmor D-Bus mediation is enabled
Nov 15 07:48:13 ubuntu-s-1vcpu-1gb-ams3-golang systemd[1]: Starting Record successful boot for GRUB...
Nov 15 07:48:13 ubuntu-s-1vcpu-1gb-ams3-golang systemd[1]: irqbalance daemon was skipped because of a failed condition check (ConditionCPUs=>1).
Nov 15 07:48:13 ubuntu-s-1vcpu-1gb-ams3-golang systemd[1]: Dispatcher daemon for systemd-networkd was skipped because all trigger condition checks failed.
Nov 15 07:48:13 ubuntu-s-1vcpu-1gb-ams3-golang systemd[1]: Starting Pollinate to seed the pseudo random number generator...
Nov 15 07:48:13 ubuntu-s-1vcpu-1gb-ams3-golang systemd[1]: Starting System Logging Service...
Nov 15 07:48:13 ubuntu-s-1vcpu-1gb-ams3-golang systemd[1]: Secure Boot updates for DB and DBX was skipped because of a failed condition check (ConditionPathExists=/sys/firmware/efi/efivars/db-d719b2cb-3d3a-4596-a3bc-dad00e67656f).
Nov 15 07:48:13 ubuntu-s-1vcpu-1gb-ams3-golang systemd[1]: Automatically repair incorrect owner/permissions on core devices was skipped because all trigger condition checks failed.
Nov 15 07:48:13 ubuntu-s-1vcpu-1gb-ams3-golang systemd[1]: Wait for the Ubuntu Core chooser trigger was skipped because of a failed condition check (ConditionKernelCommandLine=snapd_recovery_mode).
Nov 15 07:48:13 ubuntu-s-1vcpu-1gb-ams3-golang systemd[1]: Reached target Preparation for Logins.
Nov 15 07:48:13 ubuntu-s-1vcpu-1gb-ams3-golang systemd[1]: Starting Snap Daemon...
Nov 15 07:48:13 ubuntu-s-1vcpu-1gb-ams3-golang systemd[1]: Starting User Login Management...
Nov 15 07:48:13 ubuntu-s-1vcpu-1gb-ams3-golang systemd[1]: Starting Permit User Sessions...
Nov 15 07:48:13 ubuntu-s-1vcpu-1gb-ams3-golang systemd[1]: Ubuntu Advantage reboot cmds was skipped because of a failed condition check (ConditionPathExists=/var/lib/ubuntu-advantage/marker-reboot-cmds-required).
Nov 15 07:48:13 ubuntu-s-1vcpu-1gb-ams3-golang systemd[1]: Started D-Bus System Message Bus.
Nov 15 07:48:13 ubuntu-s-1vcpu-1gb-ams3-golang systemd[1]: e2scrub_reap.service: Deactivated successfully.
Nov 15 07:48:13 ubuntu-s-1vcpu-1gb-ams3-golang systemd[1]: Finished Remove Stale Online ext4 Metadata Check Snapshots.
Nov 15 07:48:13 ubuntu-s-1vcpu-1gb-ams3-golang systemd[1]: Finished Permit User Sessions.
Nov 15 07:48:13 ubuntu-s-1vcpu-1gb-ams3-golang systemd[1]: grub-common.service: Deactivated successfully.
Nov 15 07:48:13 ubuntu-s-1vcpu-1gb-ams3-golang systemd[1]: Finished Record successful boot for GRUB.
Nov 15 07:48:13 ubuntu-s-1vcpu-1gb-ams3-golang kernel: [    0.000000] Linux version 5.19.0-23-generic (buildd@lcy02-amd64-076) (x86_64-linux-gnu-gcc-12 (Ubuntu 12.2.0-3ubuntu1) 12.2.0, GNU ld (GNU Binutils for Ubuntu) 2.39) #24-Ubuntu SMP PREEMPT_DYNAMIC Fri Oct 14 15:39:57 UTC 2022 (Ubuntu 5.19.0-23.24-generic 5.19.7)
Nov 15 07:48:13 ubuntu-s-1vcpu-1gb-ams3-golang kernel: [    0.000000] Command line: BOOT_IMAGE=/boot/vmlinuz-5.19.0-23-generic root=UUID=c42f4eda-1a2d-478d-a57b-2ccf599ddd7f ro console=tty1 console=ttyS0 net.ifnames=0 biosdevname=0
Nov 15 07:48:13 ubuntu-s-1vcpu-1gb-ams3-golang kernel: [    0.000000] KERNEL supported cpus:
Nov 15 07:48:13 ubuntu-s-1vcpu-1gb-ams3-golang kernel: [    0.000000]   Intel GenuineIntel
Nov 15 07:48:13 ubuntu-s-1vcpu-1gb-ams3-golang kernel: [    0.000000]   AMD AuthenticAMD
Nov 15 07:48:13 ubuntu-s-1vcpu-1gb-ams3-golang kernel: [    0.000000]   Hygon HygonGenuine
Nov 15 07:48:13 ubuntu-s-1vcpu-1gb-ams3-golang kernel: [    0.000000]   Centaur CentaurHauls
Nov 15 07:48:13 ubuntu-s-1vcpu-1gb-ams3-golang kernel: [    0.000000]   zhaoxin   Shanghai  
Nov 15 07:48:13 ubuntu-s-1vcpu-1gb-ams3-golang kernel: [    0.000000] x86/fpu: Supporting XSAVE feature 0x001: 'x87 floating point registers'
Nov 15 07:48:13 ubuntu-s-1vcpu-1gb-ams3-golang kernel: [    0.000000] x86/fpu: Supporting XSAVE feature 0x002: 'SSE registers'
Nov 15 07:48:13 ubuntu-s-1vcpu-1gb-ams3-golang kernel: [    0.000000] x86/fpu: Supporting XSAVE feature 0x004: 'AVX registers'
Nov 15 07:48:13 ubuntu-s-1vcpu-1gb-ams3-golang kernel: [    0.000000] x86/fpu: xstate_offset[2]:  576, xstate_sizes[2]:  256
Nov 15 07:48:13 ubuntu-s-1vcpu-1gb-ams3-golang kernel: [    0.000000] x86/fpu: Enabled xstate features 0x7, context size is 832 bytes, using 'compacted' format.
Nov 15 07:48:13 ubuntu-s-1vcpu-1gb-ams3-golang kernel: [    0.000000] signal: max sigframe size: 1776
Nov 15 07:48:13 ubuntu-s-1vcpu-1gb-ams3-golang kernel: [    0.000000] BIOS-provided physical RAM map:
Nov 15 07:48:13 ubuntu-s-1vcpu-1gb-ams3-golang kernel: [    0.000000] BIOS-e820: [mem 0x0000000000000000-0x000000000009fbff] usable
Nov 15 07:48:13 ubuntu-s-1vcpu-1gb-ams3-golang kernel: [    0.000000] BIOS-e820: [mem 0x000000000009fc00-0x000000000009ffff] reserved
Nov 15 07:48:13 ubuntu-s-1vcpu-1gb-ams3-golang kernel: [    0.000000] BIOS-e820: [mem 0x00000000000f0000-0x00000000000fffff] reserved
Nov 15 07:48:13 ubuntu-s-1vcpu-1gb-ams3-golang kernel: [    0.000000] BIOS-e820: [mem 0x0000000000100000-0x000000003ffd7fff] usable
Nov 15 07:48:13 ubuntu-s-1vcpu-1gb-ams3-golang kernel: [    0.000000] BIOS-e820: [mem 0x000000003ffd8000-0x000000003fffffff] reserved
Nov 15 07:48:13 ubuntu-s-1vcpu-1gb-ams3-golang kernel: [    0.000000] BIOS-e820: [mem 0x00000000feffc000-0x00000000feffffff] reserved
Nov 15 07:48:13 ubuntu-s-1vcpu-1gb-ams3-golang kernel: [    0.000000] BIOS-e820: [mem 0x00000000fffc0000-0x00000000ffffffff] reserved
Nov 15 07:48:13 ubuntu-s-1vcpu-1gb-ams3-golang kernel: [    0.000000] NX (Execute Disable) protection: active
Nov 15 07:48:13 ubuntu-s-1vcpu-1gb-ams3-golang kernel: [    0.000000] SMBIOS 2.8 present.
Nov 15 07:48:13 ubuntu-s-1vcpu-1gb-ams3-golang kernel: [    0.000000] DMI: DigitalOcean Droplet/Droplet, BIOS 20171212 12/12/2017
Nov 15 07:48:13 ubuntu-s-1vcpu-1gb-ams3-golang kernel: [    0.000000] Hypervisor detected: KVM
Nov 15 07:48:13 ubuntu-s-1vcpu-1gb-ams3-golang kernel: [    0.000000] kvm-clock: Using msrs 4b564d01 and 4b564d00
Nov 15 07:48:13 ubuntu-s-1vcpu-1gb-ams3-golang kernel: [    0.000002] kvm-clock: using sched offset of 1682317266 cycles
Nov 15 07:48:13 ubuntu-s-1vcpu-1gb-ams3-golang kernel: [    0.000005] clocksource: kvm-clock: mask: 0xffffffffffffffff max_cycles: 0x1cd42e4dffb, max_idle_ns: 881590591483 ns
Nov 15 07:48:13 ubuntu-s-1vcpu-1gb-ams3-golang kernel: [    0.000012] tsc: Detected 1996.249 MHz processor
Nov 15 07:48:13 ubuntu-s-1vcpu-1gb-ams3-golang kernel: [    0.000952] e820: update [mem 0x00000000-0x00000fff] usable ==> reserved
Nov 15 07:48:13 ubuntu-s-1vcpu-1gb-ams3-golang kernel: [    0.000957] e820: remove [mem 0x000a0000-0x000fffff] usable
Nov 15 07:48:13 ubuntu-s-1vcpu-1gb-ams3-golang kernel: [    0.000967] last_pfn = 0x3ffd8 max_arch_pfn = 0x400000000
Nov 15 07:48:13 ubuntu-s-1vcpu-1gb-ams3-golang kernel: [    0.001037] x86/PAT: Configuration [0-7]: WB  WC  UC- UC  WB  WP  UC- WT  
Nov 15 07:48:13 ubuntu-s-1vcpu-1gb-ams3-golang kernel: [    0.004539] found SMP MP-table at [mem 0x000f5c60-0x000f5c6f]
Nov 15 07:48:13 ubuntu-s-1vcpu-1gb-ams3-golang kernel: [    0.004617] Using GB pages for direct mapping
Nov 15 07:48:13 ubuntu-s-1vcpu-1gb-ams3-golang kernel: [    0.004824] RAMDISK: [mem 0x342c7000-0x3615afff]
Nov 15 07:48:13 ubuntu-s-1vcpu-1gb-ams3-golang kernel: [    0.004841] ACPI: Early table checksum verification disabled
Nov 15 07:48:13 ubuntu-s-1vcpu-1gb-ams3-golang kernel: [    0.004886] ACPI: RSDP 0x00000000000F5A50 000014 (v00 BOCHS )
Nov 15 07:48:13 ubuntu-s-1vcpu-1gb-ams3-golang kernel: [    0.004905] ACPI: RSDT 0x000000003FFE1930 000038 (v01 BOCHS  BXPC     00000001 BXPC 00000001)
Nov 15 07:48:13 ubuntu-s-1vcpu-1gb-ams3-golang kernel: [    0.004929] ACPI: FACP 0x000000003FFE172C 000074 (v01 BOCHS  BXPC     00000001 BXPC 00000001)
Nov 15 07:48:13 ubuntu-s-1vcpu-1gb-ams3-golang kernel: [    0.004940] ACPI: DSDT 0x000000003FFE0040 0016EC (v01 BOCHS  BXPC     00000001 BXPC 00000001)
Nov 15 07:48:13 ubuntu-s-1vcpu-1gb-ams3-golang kernel: [    0.004944] ACPI: FACS 0x000000003FFE0000 000040
Nov 15 07:48:13 ubuntu-s-1vcpu-1gb-ams3-golang kernel: [    0.004948] ACPI: APIC 0x000000003FFE17A0 000078 (v01 BOCHS  BXPC     00000001 BXPC 00000001)
Nov 15 07:48:13 ubuntu-s-1vcpu-1gb-ams3-golang kernel: [    0.004951] ACPI: HPET 0x000000003FFE1818 000038 (v01 BOCHS  BXPC     00000001 BXPC 00000001)
Nov 15 07:48:13 ubuntu-s-1vcpu-1gb-ams3-golang kernel: [    0.004955] ACPI: SRAT 0x000000003FFE1850 0000B8 (v01 BOCHS  BXPC     00000001 BXPC 00000001)
Nov 15 07:48:13 ubuntu-s-1vcpu-1gb-ams3-golang kernel: [    0.004958] ACPI: WAET 0x000000003FFE1908 000028 (v01 BOCHS  BXPC     00000001 BXPC 00000001)
Nov 15 07:48:13 ubuntu-s-1vcpu-1gb-ams3-golang kernel: [    0.004961] ACPI: Reserving FACP table memory at [mem 0x3ffe172c-0x3ffe179f]
Nov 15 07:48:13 ubuntu-s-1vcpu-1gb-ams3-golang kernel: [    0.004963] ACPI: Reserving DSDT table memory at [mem 0x3ffe0040-0x3ffe172b]
Nov 15 07:48:13 ubuntu-s-1vcpu-1gb-ams3-golang kernel: [    0.004964] ACPI: Reserving FACS table memory at [mem 0x3ffe0000-0x3ffe003f]
Nov 15 07:48:13 ubuntu-s-1vcpu-1gb-ams3-golang kernel: [    0.004965] ACPI: Reserving APIC table memory at [mem 0x3ffe17a0-0x3ffe1817]
Nov 15 07:48:13 ubuntu-s-1vcpu-1gb-ams3-golang kernel: [    0.004966] ACPI: Reserving HPET table memory at [mem 0x3ffe1818-0x3ffe184f]
Nov 15 07:48:13 ubuntu-s-1vcpu-1gb-ams3-golang kernel: [    0.004966] ACPI: Reserving SRAT table memory at [mem 0x3ffe1850-0x3ffe1907]
Nov 15 07:48:13 ubuntu-s-1vcpu-1gb-ams3-golang kernel: [    0.004967] ACPI: Reserving WAET table memory at [mem 0x3ffe1908-0x3ffe192f]
Nov 15 07:48:13 ubuntu-s-1vcpu-1gb-ams3-golang kernel: [    0.005154] SRAT: PXM 0 -> APIC 0x00 -> Node 0
Nov 15 07:48:13 ubuntu-s-1vcpu-1gb-ams3-golang kernel: [    0.005160] ACPI: SRAT: Node 0 PXM 0 [mem 0x00000000-0x0009ffff]
Nov 15 07:48:13 ubuntu-s-1vcpu-1gb-ams3-golang kernel: [    0.005166] ACPI: SRAT: Node 0 PXM 0 [mem 0x00100000-0x3fffffff]
Nov 15 07:48:13 ubuntu-s-1vcpu-1gb-ams3-golang kernel: [    0.005172] NUMA: Node 0 [mem 0x00000000-0x0009ffff] + [mem 0x00100000-0x3ffd7fff] -> [mem 0x00000000-0x3ffd7fff]
Nov 15 07:48:13 ubuntu-s-1vcpu-1gb-ams3-golang kernel: [    0.005185] NODE_DATA(0) allocated [mem 0x3ffad000-0x3ffd7fff]
Nov 15 07:48:13 ubuntu-s-1vcpu-1gb-ams3-golang kernel: [    0.005795] Zone ranges:
Nov 15 07:48:13 ubuntu-s-1vcpu-1gb-ams3-golang kernel: [    0.005803]   DMA      [mem 0x0000000000001000-0x0000000000ffffff]
Nov 15 07:48:13 ubuntu-s-1vcpu-1gb-ams3-golang kernel: [    0.005810]   DMA32    [mem 0x0000000001000000-0x000000003ffd7fff]
Nov 15 07:48:13 ubuntu-s-1vcpu-1gb-ams3-golang kernel: [    0.005821]   Normal   empty
Nov 15 07:48:13 ubuntu-s-1vcpu-1gb-ams3-golang kernel: [    0.005823]   Device   empty
Nov 15 07:48:13 ubuntu-s-1vcpu-1gb-ams3-golang kernel: [    0.005824] Movable zone start for each node
Nov 15 07:48:13 ubuntu-s-1vcpu-1gb-ams3-golang kernel: [    0.005827] Early memory node ranges
Nov 15 07:48:13 ubuntu-s-1vcpu-1gb-ams3-golang kernel: [    0.005828]   node   0: [mem 0x0000000000001000-0x000000000009efff]
Nov 15 07:48:13 ubuntu-s-1vcpu-1gb-ams3-golang kernel: [    0.005830]   node   0: [mem 0x0000000000100000-0x000000003ffd7fff]
Nov 15 07:48:13 ubuntu-s-1vcpu-1gb-ams3-golang kernel: [    0.005832] Initmem setup node 0 [mem 0x0000000000001000-0x000000003ffd7fff]
Nov 15 07:48:13 ubuntu-s-1vcpu-1gb-ams3-golang kernel: [    0.005848] On node 0, zone DMA: 1 pages in unavailable ranges
Nov 15 07:48:13 ubuntu-s-1vcpu-1gb-ams3-golang kernel: [    0.005994] On node 0, zone DMA: 97 pages in unavailable ranges
Nov 15 07:48:13 ubuntu-s-1vcpu-1gb-ams3-golang kernel: [    0.016697] On node 0, zone DMA32: 40 pages in unavailable ranges
Nov 15 07:48:13 ubuntu-s-1vcpu-1gb-ams3-golang kernel: [    0.017454] ACPI: PM-Timer IO Port: 0x608
Nov 15 07:48:13 ubuntu-s-1vcpu-1gb-ams3-golang kernel: [    0.017497] ACPI: LAPIC_NMI (acpi_id[0xff] dfl dfl lint[0x1])
Nov 15 07:48:13 ubuntu-s-1vcpu-1gb-ams3-golang kernel: [    0.017536] IOAPIC[0]: apic_id 0, version 17, address 0xfec00000, GSI 0-23
Nov 15 07:48:13 ubuntu-s-1vcpu-1gb-ams3-golang kernel: [    0.017541] ACPI: INT_SRC_OVR (bus 0 bus_irq 0 global_irq 2 dfl dfl)
Nov 15 07:48:13 ubuntu-s-1vcpu-1gb-ams3-golang kernel: [    0.017543] ACPI: INT_SRC_OVR (bus 0 bus_irq 5 global_irq 5 high level)
Nov 15 07:48:13 ubuntu-s-1vcpu-1gb-ams3-golang kernel: [    0.017549] ACPI: INT_SRC_OVR (bus 0 bus_irq 9 global_irq 9 high level)
Nov 15 07:48:13 ubuntu-s-1vcpu-1gb-ams3-golang kernel: [    0.017557] ACPI: INT_SRC_OVR (bus 0 bus_irq 10 global_irq 10 high level)
Nov 15 07:48:13 ubuntu-s-1vcpu-1gb-ams3-golang kernel: [    0.017559] ACPI: INT_SRC_OVR (bus 0 bus_irq 11 global_irq 11 high level)
Nov 15 07:48:13 ubuntu-s-1vcpu-1gb-ams3-golang kernel: [    0.017564] ACPI: Using ACPI (MADT) for SMP configuration information
Nov 15 07:48:13 ubuntu-s-1vcpu-1gb-ams3-golang kernel: [    0.017566] ACPI: HPET id: 0x8086a201 base: 0xfed00000
Nov 15 07:48:13 ubuntu-s-1vcpu-1gb-ams3-golang kernel: [    0.017584] smpboot: Allowing 1 CPUs, 0 hotplug CPUs
Nov 15 07:48:13 ubuntu-s-1vcpu-1gb-ams3-golang kernel: [    0.017625] PM: hibernation: Registered nosave memory: [mem 0x00000000-0x00000fff]
Nov 15 07:48:13 ubuntu-s-1vcpu-1gb-ams3-golang kernel: [    0.017630] PM: hibernation: Registered nosave memory: [mem 0x0009f000-0x0009ffff]
Nov 15 07:48:13 ubuntu-s-1vcpu-1gb-ams3-golang kernel: [    0.017632] PM: hibernation: Registered nosave memory: [mem 0x000a0000-0x000effff]
Nov 15 07:48:13 ubuntu-s-1vcpu-1gb-ams3-golang kernel: [    0.017635] PM: hibernation: Registered nosave memory: [mem 0x000f0000-0x000fffff]
Nov 15 07:48:13 ubuntu-s-1vcpu-1gb-ams3-golang kernel: [    0.017639] [mem 0x40000000-0xfeffbfff] available for PCI devices
Nov 15 07:48:13 ubuntu-s-1vcpu-1gb-ams3-golang kernel: [    0.017640] Booting paravirtualized kernel on KVM
Nov 15 07:48:13 ubuntu-s-1vcpu-1gb-ams3-golang kernel: [    0.017646] clocksource: refined-jiffies: mask: 0xffffffff max_cycles: 0xffffffff, max_idle_ns: 7645519600211568 ns
Nov 15 07:48:13 ubuntu-s-1vcpu-1gb-ams3-golang kernel: [    0.017660] setup_percpu: NR_CPUS:8192 nr_cpumask_bits:1 nr_cpu_ids:1 nr_node_ids:1
Nov 15 07:48:13 ubuntu-s-1vcpu-1gb-ams3-golang kernel: [    0.019074] percpu: Embedded 61 pages/cpu s212992 r8192 d28672 u2097152
Nov 15 07:48:13 ubuntu-s-1vcpu-1gb-ams3-golang kernel: [    0.019082] pcpu-alloc: s212992 r8192 d28672 u2097152 alloc=1*2097152
Nov 15 07:48:13 ubuntu-s-1vcpu-1gb-ams3-golang kernel: [    0.019088] pcpu-alloc: [0] 0 
Nov 15 07:48:13 ubuntu-s-1vcpu-1gb-ams3-golang kernel: [    0.019124] kvm-guest: PV spinlocks disabled, no host support
Nov 15 07:48:13 ubuntu-s-1vcpu-1gb-ams3-golang kernel: [    0.019131] Fallback order for Node 0: 0 
Nov 15 07:48:13 ubuntu-s-1vcpu-1gb-ams3-golang kernel: [    0.019137] Built 1 zonelists, mobility grouping on.  Total pages: 257752
Nov 15 07:48:13 ubuntu-s-1vcpu-1gb-ams3-golang kernel: [    0.019139] Policy zone: DMA32
Nov 15 07:48:13 ubuntu-s-1vcpu-1gb-ams3-golang kernel: [    0.019140] Kernel command line: BOOT_IMAGE=/boot/vmlinuz-5.19.0-23-generic root=UUID=c42f4eda-1a2d-478d-a57b-2ccf599ddd7f ro console=tty1 console=ttyS0 net.ifnames=0 biosdevname=0
Nov 15 07:48:13 ubuntu-s-1vcpu-1gb-ams3-golang kernel: [    0.019397] Unknown kernel command line parameters "BOOT_IMAGE=/boot/vmlinuz-5.19.0-23-generic biosdevname=0", will be passed to user space.
Nov 15 07:48:13 ubuntu-s-1vcpu-1gb-ams3-golang kernel: [    0.020105] Dentry cache hash table entries: 131072 (order: 8, 1048576 bytes, linear)
Nov 15 07:48:13 ubuntu-s-1vcpu-1gb-ams3-golang kernel: [    0.020450] Inode-cache hash table entries: 65536 (order: 7, 524288 bytes, linear)
Nov 15 07:48:13 ubuntu-s-1vcpu-1gb-ams3-golang kernel: [    0.020482] mem auto-init: stack:all(zero), heap alloc:on, heap free:off
Nov 15 07:48:13 ubuntu-s-1vcpu-1gb-ams3-golang kernel: [    0.023014] Memory: 952308K/1048024K available (18440K kernel code, 4054K rwdata, 11244K rodata, 3148K init, 4924K bss, 95456K reserved, 0K cma-reserved)
Nov 15 07:48:13 ubuntu-s-1vcpu-1gb-ams3-golang kernel: [    0.023898] SLUB: HWalign=64, Order=0-3, MinObjects=0, CPUs=1, Nodes=1
Nov 15 07:48:13 ubuntu-s-1vcpu-1gb-ams3-golang kernel: [    0.023948] ftrace: allocating 51983 entries in 204 pages
Nov 15 07:48:13 ubuntu-s-1vcpu-1gb-ams3-golang kernel: [    0.038640] ftrace: allocated 204 pages with 4 groups
Nov 15 07:48:13 ubuntu-s-1vcpu-1gb-ams3-golang kernel: [    0.039841] Dynamic Preempt: voluntary
Nov 15 07:48:13 ubuntu-s-1vcpu-1gb-ams3-golang kernel: [    0.039955] rcu: Preemptible hierarchical RCU implementation.
Nov 15 07:48:13 ubuntu-s-1vcpu-1gb-ams3-golang kernel: [    0.039957] rcu: 	RCU restricting CPUs from NR_CPUS=8192 to nr_cpu_ids=1.
Nov 15 07:48:13 ubuntu-s-1vcpu-1gb-ams3-golang kernel: [    0.039968] 	Trampoline variant of Tasks RCU enabled.
Nov 15 07:48:13 ubuntu-s-1vcpu-1gb-ams3-golang kernel: [    0.039968] 	Rude variant of Tasks RCU enabled.
Nov 15 07:48:13 ubuntu-s-1vcpu-1gb-ams3-golang kernel: [    0.039969] 	Tracing variant of Tasks RCU enabled.
Nov 15 07:48:13 ubuntu-s-1vcpu-1gb-ams3-golang kernel: [    0.039970] rcu: RCU calculated value of scheduler-enlistment delay is 25 jiffies.
Nov 15 07:48:13 ubuntu-s-1vcpu-1gb-ams3-golang kernel: [    0.039972] rcu: Adjusting geometry for rcu_fanout_leaf=16, nr_cpu_ids=1
Nov 15 07:48:13 ubuntu-s-1vcpu-1gb-ams3-golang kernel: [    0.046301] NR_IRQS: 524544, nr_irqs: 256, preallocated irqs: 16
Nov 15 07:48:13 ubuntu-s-1vcpu-1gb-ams3-golang kernel: [    0.046563] rcu: srcu_init: Setting srcu_struct sizes based on contention.
Nov 15 07:48:13 ubuntu-s-1vcpu-1gb-ams3-golang kernel: [    0.046606] random: crng init done
Nov 15 07:48:13 ubuntu-s-1vcpu-1gb-ams3-golang kernel: [    0.061533] Console: colour VGA+ 80x25
Nov 15 07:48:13 ubuntu-s-1vcpu-1gb-ams3-golang kernel: [    0.102533] printk: console [tty1] enabled
Nov 15 07:48:13 ubuntu-s-1vcpu-1gb-ams3-golang kernel: [    0.201551] printk: console [ttyS0] enabled
Nov 15 07:48:13 ubuntu-s-1vcpu-1gb-ams3-golang kernel: [    0.202418] ACPI: Core revision 20220331
Nov 15 07:48:13 ubuntu-s-1vcpu-1gb-ams3-golang kernel: [    0.203327] clocksource: hpet: mask: 0xffffffff max_cycles: 0xffffffff, max_idle_ns: 19112604467 ns
Nov 15 07:48:13 ubuntu-s-1vcpu-1gb-ams3-golang kernel: [    0.205001] APIC: Switch to symmetric I/O mode setup
Nov 15 07:48:13 ubuntu-s-1vcpu-1gb-ams3-golang kernel: [    0.206142] x2apic enabled
Nov 15 07:48:13 ubuntu-s-1vcpu-1gb-ams3-golang kernel: [    0.207068] Switched APIC routing to physical x2apic.
Nov 15 07:48:13 ubuntu-s-1vcpu-1gb-ams3-golang kernel: [    0.209017] ..TIMER: vector=0x30 apic1=0 pin1=2 apic2=-1 pin2=-1
Nov 15 07:48:13 ubuntu-s-1vcpu-1gb-ams3-golang kernel: [    0.210111] clocksource: tsc-early: mask: 0xffffffffffffffff max_cycles: 0x398cadd9d93, max_idle_ns: 881590552906 ns
Nov 15 07:48:13 ubuntu-s-1vcpu-1gb-ams3-golang kernel: [    0.211840] Calibrating delay loop (skipped) preset value.. 3992.49 BogoMIPS (lpj=7984996)
Nov 15 07:48:13 ubuntu-s-1vcpu-1gb-ams3-golang kernel: [    0.215839] pid_max: default: 32768 minimum: 301
Nov 15 07:48:13 ubuntu-s-1vcpu-1gb-ams3-golang kernel: [    0.216792] LSM: Security Framework initializing
Nov 15 07:48:13 ubuntu-s-1vcpu-1gb-ams3-golang kernel: [    0.217672] landlock: Up and running.
Nov 15 07:48:13 ubuntu-s-1vcpu-1gb-ams3-golang kernel: [    0.218484] Yama: becoming mindful.
Nov 15 07:48:13 ubuntu-s-1vcpu-1gb-ams3-golang kernel: [    0.219472] AppArmor: AppArmor initialized
Nov 15 07:48:13 ubuntu-s-1vcpu-1gb-ams3-golang kernel: [    0.220180] Mount-cache hash table entries: 2048 (order: 2, 16384 bytes, linear)
Nov 15 07:48:13 ubuntu-s-1vcpu-1gb-ams3-golang kernel: [    0.221786] Mountpoint-cache hash table entries: 2048 (order: 2, 16384 bytes, linear)
Nov 15 07:48:13 ubuntu-s-1vcpu-1gb-ams3-golang kernel: [    0.224539] x86/cpu: User Mode Instruction Prevention (UMIP) activated
Nov 15 07:48:13 ubuntu-s-1vcpu-1gb-ams3-golang kernel: [    0.226051] Last level iTLB entries: 4KB 512, 2MB 255, 4MB 127
Nov 15 07:48:13 ubuntu-s-1vcpu-1gb-ams3-golang kernel: [    0.227839] Last level dTLB entries: 4KB 512, 2MB 255, 4MB 127, 1GB 0
Nov 15 07:48:13 ubuntu-s-1vcpu-1gb-ams3-golang kernel: [    0.229044] Spectre V1 : Mitigation: usercopy/swapgs barriers and __user pointer sanitization
Nov 15 07:48:13 ubuntu-s-1vcpu-1gb-ams3-golang kernel: [    0.230566] Spectre V2 : Mitigation: Retpolines
Nov 15 07:48:13 ubuntu-s-1vcpu-1gb-ams3-golang kernel: [    0.231525] Spectre V2 : Spectre v2 / SpectreRSB mitigation: Filling RSB on context switch
Nov 15 07:48:13 ubuntu-s-1vcpu-1gb-ams3-golang kernel: [    0.232356] Spectre V2 : Spectre v2 / SpectreRSB : Filling RSB on VMEXIT
Nov 15 07:48:13 ubuntu-s-1vcpu-1gb-ams3-golang kernel: [    0.233514] Spectre V2 : Enabling Speculation Barrier for firmware calls
Nov 15 07:48:13 ubuntu-s-1vcpu-1gb-ams3-golang kernel: [    0.234767] RETBleed: Mitigation: untrained return thunk
Nov 15 07:48:13 ubuntu-s-1vcpu-1gb-ams3-golang kernel: [    0.236130] Spectre V2 : mitigation: Enabling conditional Indirect Branch Prediction Barrier
Nov 15 07:48:13 ubuntu-s-1vcpu-1gb-ams3-golang kernel: [    0.237686] Speculative Store Bypass: Vulnerable
Nov 15 07:48:13 ubuntu-s-1vcpu-1gb-ams3-golang kernel: [    0.258140] Freeing SMP alternatives memory: 44K
Nov 15 07:48:13 ubuntu-s-1vcpu-1gb-ams3-golang kernel: [    0.367313] smpboot: CPU0: AMD DO-Regular (family: 0x17, model: 0x31, stepping: 0x0)
Nov 15 07:48:13 ubuntu-s-1vcpu-1gb-ams3-golang kernel: [    0.367832] cblist_init_generic: Setting adjustable number of callback queues.
Nov 15 07:48:13 ubuntu-s-1vcpu-1gb-ams3-golang kernel: [    0.367832] cblist_init_generic: Setting shift to 0 and lim to 1.
Nov 15 07:48:13 ubuntu-s-1vcpu-1gb-ams3-golang kernel: [    0.368220] cblist_init_generic: Setting shift to 0 and lim to 1.
Nov 15 07:48:13 ubuntu-s-1vcpu-1gb-ams3-golang kernel: [    0.369369] cblist_init_generic: Setting shift to 0 and lim to 1.
Nov 15 07:48:13 ubuntu-s-1vcpu-1gb-ams3-golang kernel: [    0.370524] Performance Events: Fam17h+ core perfctr, AMD PMU driver.
Nov 15 07:48:13 ubuntu-s-1vcpu-1gb-ams3-golang kernel: [    0.372153] ... version:                0
Nov 15 07:48:13 ubuntu-s-1vcpu-1gb-ams3-golang kernel: [    0.373091] ... bit width:              48
Nov 15 07:48:13 ubuntu-s-1vcpu-1gb-ams3-golang kernel: [    0.373930] ... generic registers:      6
Nov 15 07:48:13 ubuntu-s-1vcpu-1gb-ams3-golang kernel: [    0.374684] ... value mask:             0000ffffffffffff
Nov 15 07:48:13 ubuntu-s-1vcpu-1gb-ams3-golang kernel: [    0.376129] ... max period:             00007fffffffffff
Nov 15 07:48:13 ubuntu-s-1vcpu-1gb-ams3-golang kernel: [    0.377078] ... fixed-purpose events:   0
Nov 15 07:48:13 ubuntu-s-1vcpu-1gb-ams3-golang kernel: [    0.377945] ... event mask:             000000000000003f
Nov 15 07:48:13 ubuntu-s-1vcpu-1gb-ams3-golang kernel: [    0.379110] rcu: Hierarchical SRCU implementation.
Nov 15 07:48:13 ubuntu-s-1vcpu-1gb-ams3-golang kernel: [    0.380094] rcu: 	Max phase no-delay instances is 1000.
Nov 15 07:48:13 ubuntu-s-1vcpu-1gb-ams3-golang kernel: [    0.381891] smp: Bringing up secondary CPUs ...
Nov 15 07:48:13 ubuntu-s-1vcpu-1gb-ams3-golang kernel: [    0.382687] smp: Brought up 1 node, 1 CPU
Nov 15 07:48:13 ubuntu-s-1vcpu-1gb-ams3-golang kernel: [    0.383428] smpboot: Max logical packages: 1
Nov 15 07:48:13 ubuntu-s-1vcpu-1gb-ams3-golang kernel: [    0.386539] smpboot: Total of 1 processors activated (3992.49 BogoMIPS)
Nov 15 07:48:13 ubuntu-s-1vcpu-1gb-ams3-golang kernel: [    0.388218] devtmpfs: initialized
Nov 15 07:48:13 ubuntu-s-1vcpu-1gb-ams3-golang kernel: [    0.388982] x86/mm: Memory block size: 128MB
Nov 15 07:48:13 ubuntu-s-1vcpu-1gb-ams3-golang kernel: [    0.390433] clocksource: jiffies: mask: 0xffffffff max_cycles: 0xffffffff, max_idle_ns: 7645041785100000 ns
Nov 15 07:48:13 ubuntu-s-1vcpu-1gb-ams3-golang kernel: [    0.391864] futex hash table entries: 256 (order: 2, 16384 bytes, linear)
Nov 15 07:48:13 ubuntu-s-1vcpu-1gb-ams3-golang kernel: [    0.393153] pinctrl core: initialized pinctrl subsystem
Nov 15 07:48:13 ubuntu-s-1vcpu-1gb-ams3-golang kernel: [    0.394341] PM: RTC time: 07:47:51, date: 2022-11-15
Nov 15 07:48:13 ubuntu-s-1vcpu-1gb-ams3-golang kernel: [    0.397055] NET: Registered PF_NETLINK/PF_ROUTE protocol family
Nov 15 07:48:13 ubuntu-s-1vcpu-1gb-ams3-golang kernel: [    0.398326] DMA: preallocated 128 KiB GFP_KERNEL pool for atomic allocations
Nov 15 07:48:13 ubuntu-s-1vcpu-1gb-ams3-golang kernel: [    0.399655] DMA: preallocated 128 KiB GFP_KERNEL|GFP_DMA pool for atomic allocations
Nov 15 07:48:13 ubuntu-s-1vcpu-1gb-ams3-golang kernel: [    0.401538] DMA: preallocated 128 KiB GFP_KERNEL|GFP_DMA32 pool for atomic allocations
Nov 15 07:48:13 ubuntu-s-1vcpu-1gb-ams3-golang kernel: [    0.403858] audit: initializing netlink subsys (disabled)
Nov 15 07:48:13 ubuntu-s-1vcpu-1gb-ams3-golang kernel: [    0.405112] thermal_sys: Registered thermal governor 'fair_share'
Nov 15 07:48:13 ubuntu-s-1vcpu-1gb-ams3-golang kernel: [    0.405119] thermal_sys: Registered thermal governor 'bang_bang'
Nov 15 07:48:13 ubuntu-s-1vcpu-1gb-ams3-golang kernel: [    0.406272] thermal_sys: Registered thermal governor 'step_wise'
Nov 15 07:48:13 ubuntu-s-1vcpu-1gb-ams3-golang kernel: [    0.407287] thermal_sys: Registered thermal governor 'user_space'
Nov 15 07:48:13 ubuntu-s-1vcpu-1gb-ams3-golang kernel: [    0.408118] thermal_sys: Registered thermal governor 'power_allocator'
Nov 15 07:48:13 ubuntu-s-1vcpu-1gb-ams3-golang kernel: [    0.409292] EISA bus registered
Nov 15 07:48:13 ubuntu-s-1vcpu-1gb-ams3-golang kernel: [    0.411085] cpuidle: using governor ladder
Nov 15 07:48:13 ubuntu-s-1vcpu-1gb-ams3-golang kernel: [    0.412097] audit: type=2000 audit(1668498471.300:1): state=initialized audit_enabled=0 res=1
Nov 15 07:48:13 ubuntu-s-1vcpu-1gb-ams3-golang kernel: [    0.413549] cpuidle: using governor menu
Nov 15 07:48:13 ubuntu-s-1vcpu-1gb-ams3-golang kernel: [    0.415170] HugeTLB: can optimize 4095 vmemmap pages for hugepages-1048576kB
Nov 15 07:48:13 ubuntu-s-1vcpu-1gb-ams3-golang kernel: [    0.416175] acpiphp: ACPI Hot Plug PCI Controller Driver version: 0.5
Nov 15 07:48:13 ubuntu-s-1vcpu-1gb-ams3-golang kernel: [    0.417563] PCI: Using configuration type 1 for base access
Nov 15 07:48:13 ubuntu-s-1vcpu-1gb-ams3-golang kernel: [    0.418525] PCI: Using configuration type 1 for extended access
Nov 15 07:48:13 ubuntu-s-1vcpu-1gb-ams3-golang kernel: [    0.421326] kprobes: kprobe jump-optimization is enabled. All kprobes are optimized if possible.
Nov 15 07:48:13 ubuntu-s-1vcpu-1gb-ams3-golang kernel: [    0.457952] HugeTLB: can optimize 7 vmemmap pages for hugepages-2048kB
Nov 15 07:48:13 ubuntu-s-1vcpu-1gb-ams3-golang kernel: [    0.459199] HugeTLB registered 1.00 GiB page size, pre-allocated 0 pages
Nov 15 07:48:13 ubuntu-s-1vcpu-1gb-ams3-golang kernel: [    0.460179] HugeTLB registered 2.00 MiB page size, pre-allocated 0 pages
Nov 15 07:48:13 ubuntu-s-1vcpu-1gb-ams3-golang kernel: [    0.461957] ACPI: Added _OSI(Module Device)
Nov 15 07:48:13 ubuntu-s-1vcpu-1gb-ams3-golang kernel: [    0.462778] ACPI: Added _OSI(Processor Device)
Nov 15 07:48:13 ubuntu-s-1vcpu-1gb-ams3-golang kernel: [    0.464122] ACPI: Added _OSI(3.0 _SCP Extensions)
Nov 15 07:48:13 ubuntu-s-1vcpu-1gb-ams3-golang kernel: [    0.465085] ACPI: Added _OSI(Processor Aggregator Device)
Nov 15 07:48:13 ubuntu-s-1vcpu-1gb-ams3-golang kernel: [    0.466065] ACPI: Added _OSI(Linux-Dell-Video)
Nov 15 07:48:13 ubuntu-s-1vcpu-1gb-ams3-golang kernel: [    0.467850] ACPI: Added _OSI(Linux-Lenovo-NV-HDMI-Audio)
Nov 15 07:48:13 ubuntu-s-1vcpu-1gb-ams3-golang kernel: [    0.468821] ACPI: Added _OSI(Linux-HPI-Hybrid-Graphics)
Nov 15 07:48:13 ubuntu-s-1vcpu-1gb-ams3-golang kernel: [    0.471130] ACPI: 1 ACPI AML tables successfully acquired and loaded
Nov 15 07:48:13 ubuntu-s-1vcpu-1gb-ams3-golang kernel: [    0.473564] ACPI: Interpreter enabled
Nov 15 07:48:13 ubuntu-s-1vcpu-1gb-ams3-golang kernel: [    0.474348] ACPI: PM: (supports S0 S3 S4 S5)
Nov 15 07:48:13 ubuntu-s-1vcpu-1gb-ams3-golang kernel: [    0.475171] ACPI: Using IOAPIC for interrupt routing
Nov 15 07:48:13 ubuntu-s-1vcpu-1gb-ams3-golang kernel: [    0.476160] PCI: Using host bridge windows from ACPI; if necessary, use "pci=nocrs" and report a bug
Nov 15 07:48:13 ubuntu-s-1vcpu-1gb-ams3-golang kernel: [    0.477836] PCI: Using E820 reservations for host bridge windows
Nov 15 07:48:13 ubuntu-s-1vcpu-1gb-ams3-golang kernel: [    0.479088] ACPI: Enabled 2 GPEs in block 00 to 0F
Nov 15 07:48:13 ubuntu-s-1vcpu-1gb-ams3-golang kernel: [    0.483149] ACPI: PCI Root Bridge [PCI0] (domain 0000 [bus 00-ff])
Nov 15 07:48:13 ubuntu-s-1vcpu-1gb-ams3-golang kernel: [    0.484162] acpi PNP0A03:00: _OSC: OS supports [ExtendedConfig ASPM ClockPM Segments MSI EDR HPX-Type3]
Nov 15 07:48:13 ubuntu-s-1vcpu-1gb-ams3-golang kernel: [    0.486279] acpiphp: Slot [3] registered
Nov 15 07:48:13 ubuntu-s-1vcpu-1gb-ams3-golang kernel: [    0.487084] acpiphp: Slot [4] registered
Nov 15 07:48:13 ubuntu-s-1vcpu-1gb-ams3-golang kernel: [    0.488125] acpiphp: Slot [5] registered
Nov 15 07:48:13 ubuntu-s-1vcpu-1gb-ams3-golang kernel: [    0.488917] acpiphp: Slot [6] registered
Nov 15 07:48:13 ubuntu-s-1vcpu-1gb-ams3-golang kernel: [    0.489733] acpiphp: Slot [7] registered
Nov 15 07:48:13 ubuntu-s-1vcpu-1gb-ams3-golang kernel: [    0.490525] acpiphp: Slot [8] registered
Nov 15 07:48:13 ubuntu-s-1vcpu-1gb-ams3-golang kernel: [    0.491327] acpiphp: Slot [9] registered
Nov 15 07:48:13 ubuntu-s-1vcpu-1gb-ams3-golang kernel: [    0.492136] acpiphp: Slot [10] registered
Nov 15 07:48:13 ubuntu-s-1vcpu-1gb-ams3-golang kernel: [    0.492975] acpiphp: Slot [11] registered
Nov 15 07:48:13 ubuntu-s-1vcpu-1gb-ams3-golang kernel: [    0.494940] acpiphp: Slot [12] registered
Nov 15 07:48:13 ubuntu-s-1vcpu-1gb-ams3-golang kernel: [    0.495866] acpiphp: Slot [13] registered
Nov 15 07:48:13 ubuntu-s-1vcpu-1gb-ams3-golang kernel: [    0.496729] acpiphp: Slot [14] registered
Nov 15 07:48:13 ubuntu-s-1vcpu-1gb-ams3-golang kernel: [    0.497632] acpiphp: Slot [15] registered
Nov 15 07:48:13 ubuntu-s-1vcpu-1gb-ams3-golang kernel: [    0.498483] acpiphp: Slot [16] registered
Nov 15 07:48:13 ubuntu-s-1vcpu-1gb-ams3-golang kernel: [    0.499319] acpiphp: Slot [17] registered
Nov 15 07:48:13 ubuntu-s-1vcpu-1gb-ams3-golang kernel: [    0.500149] acpiphp: Slot [18] registered
Nov 15 07:48:13 ubuntu-s-1vcpu-1gb-ams3-golang kernel: [    0.501120] acpiphp: Slot [19] registered
Nov 15 07:48:13 ubuntu-s-1vcpu-1gb-ams3-golang kernel: [    0.501971] acpiphp: Slot [20] registered
Nov 15 07:48:13 ubuntu-s-1vcpu-1gb-ams3-golang kernel: [    0.502802] acpiphp: Slot [21] registered
Nov 15 07:48:13 ubuntu-s-1vcpu-1gb-ams3-golang kernel: [    0.503869] acpiphp: Slot [22] registered
Nov 15 07:48:13 ubuntu-s-1vcpu-1gb-ams3-golang kernel: [    0.504723] acpiphp: Slot [23] registered
Nov 15 07:48:13 ubuntu-s-1vcpu-1gb-ams3-golang kernel: [    0.505552] acpiphp: Slot [24] registered
Nov 15 07:48:13 ubuntu-s-1vcpu-1gb-ams3-golang kernel: [    0.506384] acpiphp: Slot [25] registered
Nov 15 07:48:13 ubuntu-s-1vcpu-1gb-ams3-golang kernel: [    0.507206] acpiphp: Slot [26] registered
Nov 15 07:48:13 ubuntu-s-1vcpu-1gb-ams3-golang kernel: [    0.508135] acpiphp: Slot [27] registered
Nov 15 07:48:13 ubuntu-s-1vcpu-1gb-ams3-golang kernel: [    0.508977] acpiphp: Slot [28] registered
Nov 15 07:48:13 ubuntu-s-1vcpu-1gb-ams3-golang kernel: [    0.509805] acpiphp: Slot [29] registered
Nov 15 07:48:13 ubuntu-s-1vcpu-1gb-ams3-golang kernel: [    0.510609] acpiphp: Slot [30] registered
Nov 15 07:48:13 ubuntu-s-1vcpu-1gb-ams3-golang kernel: [    0.511430] acpiphp: Slot [31] registered
Nov 15 07:48:13 ubuntu-s-1vcpu-1gb-ams3-golang kernel: [    0.512129] PCI host bridge to bus 0000:00
Nov 15 07:48:13 ubuntu-s-1vcpu-1gb-ams3-golang kernel: [    0.512931] pci_bus 0000:00: root bus resource [io  0x0000-0x0cf7 window]
Nov 15 07:48:13 ubuntu-s-1vcpu-1gb-ams3-golang kernel: [    0.514177] pci_bus 0000:00: root bus resource [io  0x0d00-0xffff window]
Nov 15 07:48:13 ubuntu-s-1vcpu-1gb-ams3-golang kernel: [    0.515360] pci_bus 0000:00: root bus resource [mem 0x000a0000-0x000bffff window]
Nov 15 07:48:13 ubuntu-s-1vcpu-1gb-ams3-golang kernel: [    0.516262] pci_bus 0000:00: root bus resource [mem 0x40000000-0xfebfffff window]
Nov 15 07:48:13 ubuntu-s-1vcpu-1gb-ams3-golang kernel: [    0.517648] pci_bus 0000:00: root bus resource [mem 0x100000000-0x17fffffff window]
Nov 15 07:48:13 ubuntu-s-1vcpu-1gb-ams3-golang kernel: [    0.519187] pci_bus 0000:00: root bus resource [bus 00-ff]
Nov 15 07:48:13 ubuntu-s-1vcpu-1gb-ams3-golang kernel: [    0.521080] pci 0000:00:00.0: [8086:1237] type 00 class 0x060000
Nov 15 07:48:13 ubuntu-s-1vcpu-1gb-ams3-golang kernel: [    0.523467] pci 0000:00:01.0: [8086:7000] type 00 class 0x060100
Nov 15 07:48:13 ubuntu-s-1vcpu-1gb-ams3-golang kernel: [    0.526381] pci 0000:00:01.1: [8086:7010] type 00 class 0x010180
Nov 15 07:48:13 ubuntu-s-1vcpu-1gb-ams3-golang kernel: [    0.531303] pci 0000:00:01.1: reg 0x20: [io  0xc200-0xc20f]
Nov 15 07:48:13 ubuntu-s-1vcpu-1gb-ams3-golang kernel: [    0.534826] pci 0000:00:01.1: legacy IDE quirk: reg 0x10: [io  0x01f0-0x01f7]
Nov 15 07:48:13 ubuntu-s-1vcpu-1gb-ams3-golang kernel: [    0.536210] pci 0000:00:01.1: legacy IDE quirk: reg 0x14: [io  0x03f6]
Nov 15 07:48:13 ubuntu-s-1vcpu-1gb-ams3-golang kernel: [    0.537445] pci 0000:00:01.1: legacy IDE quirk: reg 0x18: [io  0x0170-0x0177]
Nov 15 07:48:13 ubuntu-s-1vcpu-1gb-ams3-golang kernel: [    0.538691] pci 0000:00:01.1: legacy IDE quirk: reg 0x1c: [io  0x0376]
Nov 15 07:48:13 ubuntu-s-1vcpu-1gb-ams3-golang kernel: [    0.540402] pci 0000:00:01.2: [8086:7020] type 00 class 0x0c0300
Nov 15 07:48:13 ubuntu-s-1vcpu-1gb-ams3-golang kernel: [    0.544901] pci 0000:00:01.2: reg 0x20: [io  0xc180-0xc19f]
Nov 15 07:48:13 ubuntu-s-1vcpu-1gb-ams3-golang kernel: [    0.549460] pci 0000:00:01.3: [8086:7113] type 00 class 0x068000
Nov 15 07:48:13 ubuntu-s-1vcpu-1gb-ams3-golang kernel: [    0.551142] pci 0000:00:01.3: quirk: [io  0x0600-0x063f] claimed by PIIX4 ACPI
Nov 15 07:48:13 ubuntu-s-1vcpu-1gb-ams3-golang kernel: [    0.552284] pci 0000:00:01.3: quirk: [io  0x0700-0x070f] claimed by PIIX4 SMB
Nov 15 07:48:13 ubuntu-s-1vcpu-1gb-ams3-golang kernel: [    0.553817] pci 0000:00:02.0: [1b36:0100] type 00 class 0x030000
Nov 15 07:48:13 ubuntu-s-1vcpu-1gb-ams3-golang kernel: [    0.562307] pci 0000:00:02.0: reg 0x10: [mem 0xf8000000-0xfbffffff]
Nov 15 07:48:13 ubuntu-s-1vcpu-1gb-ams3-golang kernel: [    0.567924] pci 0000:00:02.0: reg 0x14: [mem 0xfc000000-0xfcffffff]
Nov 15 07:48:13 ubuntu-s-1vcpu-1gb-ams3-golang kernel: [    0.571953] pci 0000:00:02.0: reg 0x18: [mem 0xfd010000-0xfd011fff]
Nov 15 07:48:13 ubuntu-s-1vcpu-1gb-ams3-golang kernel: [    0.579915] pci 0000:00:02.0: reg 0x1c: [io  0xc1a0-0xc1bf]
Nov 15 07:48:13 ubuntu-s-1vcpu-1gb-ams3-golang kernel: [    0.595896] pci 0000:00:02.0: reg 0x30: [mem 0xfd000000-0xfd00ffff pref]
Nov 15 07:48:13 ubuntu-s-1vcpu-1gb-ams3-golang kernel: [    0.597308] pci 0000:00:02.0: Video device with shadowed ROM at [mem 0x000c0000-0x000dffff]
Nov 15 07:48:13 ubuntu-s-1vcpu-1gb-ams3-golang kernel: [    0.600395] pci 0000:00:03.0: [1af4:1000] type 00 class 0x020000
Nov 15 07:48:13 ubuntu-s-1vcpu-1gb-ams3-golang kernel: [    0.603136] pci 0000:00:03.0: reg 0x10: [io  0xc1c0-0xc1df]
Nov 15 07:48:13 ubuntu-s-1vcpu-1gb-ams3-golang kernel: [    0.605613] pci 0000:00:03.0: reg 0x14: [mem 0xfd012000-0xfd012fff]
Nov 15 07:48:13 ubuntu-s-1vcpu-1gb-ams3-golang kernel: [    0.611841] pci 0000:00:03.0: reg 0x20: [mem 0xfebe8000-0xfebebfff 64bit pref]
Nov 15 07:48:13 ubuntu-s-1vcpu-1gb-ams3-golang kernel: [    0.620341] pci 0000:00:04.0: [1af4:1000] type 00 class 0x020000
Nov 15 07:48:13 ubuntu-s-1vcpu-1gb-ams3-golang kernel: [    0.622923] pci 0000:00:04.0: reg 0x10: [io  0xc1e0-0xc1ff]
Nov 15 07:48:13 ubuntu-s-1vcpu-1gb-ams3-golang kernel: [    0.626906] pci 0000:00:04.0: reg 0x14: [mem 0xfd013000-0xfd013fff]
Nov 15 07:48:13 ubuntu-s-1vcpu-1gb-ams3-golang kernel: [    0.634048] pci 0000:00:04.0: reg 0x20: [mem 0xfebec000-0xfebeffff 64bit pref]
Nov 15 07:48:13 ubuntu-s-1vcpu-1gb-ams3-golang kernel: [    0.638170] pci 0000:00:05.0: [1af4:1004] type 00 class 0x010000
Nov 15 07:48:13 ubuntu-s-1vcpu-1gb-ams3-golang kernel: [    0.643667] pci 0000:00:05.0: reg 0x10: [io  0xc100-0xc13f]
Nov 15 07:48:13 ubuntu-s-1vcpu-1gb-ams3-golang kernel: [    0.645743] pci 0000:00:05.0: reg 0x14: [mem 0xfd014000-0xfd014fff]
Nov 15 07:48:13 ubuntu-s-1vcpu-1gb-ams3-golang kernel: [    0.651511] pci 0000:00:05.0: reg 0x20: [mem 0xfebf0000-0xfebf3fff 64bit pref]
Nov 15 07:48:13 ubuntu-s-1vcpu-1gb-ams3-golang kernel: [    0.657550] pci 0000:00:06.0: [1af4:1001] type 00 class 0x010000
Nov 15 07:48:13 ubuntu-s-1vcpu-1gb-ams3-golang kernel: [    0.659838] pci 0000:00:06.0: reg 0x10: [io  0xc000-0xc07f]
Nov 15 07:48:13 ubuntu-s-1vcpu-1gb-ams3-golang kernel: [    0.662554] pci 0000:00:06.0: reg 0x14: [mem 0xfd015000-0xfd015fff]
Nov 15 07:48:13 ubuntu-s-1vcpu-1gb-ams3-golang kernel: [    0.670507] pci 0000:00:06.0: reg 0x20: [mem 0xfebf4000-0xfebf7fff 64bit pref]
Nov 15 07:48:13 ubuntu-s-1vcpu-1gb-ams3-golang kernel: [    0.676481] pci 0000:00:07.0: [1af4:1001] type 00 class 0x010000
Nov 15 07:48:13 ubuntu-s-1vcpu-1gb-ams3-golang kernel: [    0.680513] pci 0000:00:07.0: reg 0x10: [io  0xc080-0xc0ff]
Nov 15 07:48:13 ubuntu-s-1vcpu-1gb-ams3-golang kernel: [    0.683837] pci 0000:00:07.0: reg 0x14: [mem 0xfd016000-0xfd016fff]
Nov 15 07:48:13 ubuntu-s-1vcpu-1gb-ams3-golang kernel: [    0.695095] pci 0000:00:07.0: reg 0x20: [mem 0xfebf8000-0xfebfbfff 64bit pref]
Nov 15 07:48:13 ubuntu-s-1vcpu-1gb-ams3-golang kernel: [    0.700373] pci 0000:00:08.0: [1af4:1002] type 00 class 0x00ff00
Nov 15 07:48:13 ubuntu-s-1vcpu-1gb-ams3-golang kernel: [    0.705316] pci 0000:00:08.0: reg 0x10: [io  0xc140-0xc17f]
Nov 15 07:48:13 ubuntu-s-1vcpu-1gb-ams3-golang kernel: [    0.711062] pci 0000:00:08.0: reg 0x20: [mem 0xfebfc000-0xfebfffff 64bit pref]
Nov 15 07:48:13 ubuntu-s-1vcpu-1gb-ams3-golang kernel: [    0.725928] ACPI: PCI: Interrupt link LNKA configured for IRQ 10
Nov 15 07:48:13 ubuntu-s-1vcpu-1gb-ams3-golang kernel: [    0.727062] ACPI: PCI: Interrupt link LNKB configured for IRQ 10
Nov 15 07:48:13 ubuntu-s-1vcpu-1gb-ams3-golang kernel: [    0.728323] ACPI: PCI: Interrupt link LNKC configured for IRQ 11
Nov 15 07:48:13 ubuntu-s-1vcpu-1gb-ams3-golang kernel: [    0.729488] ACPI: PCI: Interrupt link LNKD configured for IRQ 11
Nov 15 07:48:13 ubuntu-s-1vcpu-1gb-ams3-golang kernel: [    0.730621] ACPI: PCI: Interrupt link LNKS configured for IRQ 9
Nov 15 07:48:13 ubuntu-s-1vcpu-1gb-ams3-golang kernel: [    0.732537] iommu: Default domain type: Translated 
Nov 15 07:48:13 ubuntu-s-1vcpu-1gb-ams3-golang kernel: [    0.733428] iommu: DMA domain TLB invalidation policy: lazy mode 
Nov 15 07:48:13 ubuntu-s-1vcpu-1gb-ams3-golang kernel: [    0.735153] SCSI subsystem initialized
Nov 15 07:48:13 ubuntu-s-1vcpu-1gb-ams3-golang kernel: [    0.735937] libata version 3.00 loaded.
Nov 15 07:48:13 ubuntu-s-1vcpu-1gb-ams3-golang kernel: [    0.736030] ACPI: bus type USB registered
Nov 15 07:48:13 ubuntu-s-1vcpu-1gb-ams3-golang kernel: [    0.736882] usbcore: registered new interface driver usbfs
Nov 15 07:48:13 ubuntu-s-1vcpu-1gb-ams3-golang kernel: [    0.737953] usbcore: registered new interface driver hub
Nov 15 07:48:13 ubuntu-s-1vcpu-1gb-ams3-golang kernel: [    0.738920] usbcore: registered new device driver usb
Nov 15 07:48:13 ubuntu-s-1vcpu-1gb-ams3-golang kernel: [    0.739913] pps_core: LinuxPPS API ver. 1 registered
Nov 15 07:48:13 ubuntu-s-1vcpu-1gb-ams3-golang kernel: [    0.740835] pps_core: Software ver. 5.3.6 - Copyright 2005-2007 Rodolfo Giometti <giometti@linux.it>
Nov 15 07:48:13 ubuntu-s-1vcpu-1gb-ams3-golang kernel: [    0.742532] PTP clock support registered
Nov 15 07:48:13 ubuntu-s-1vcpu-1gb-ams3-golang kernel: [    0.743524] EDAC MC: Ver: 3.0.0
Nov 15 07:48:13 ubuntu-s-1vcpu-1gb-ams3-golang kernel: [    0.744920] NetLabel: Initializing
Nov 15 07:48:13 ubuntu-s-1vcpu-1gb-ams3-golang kernel: [    0.745624] NetLabel:  domain hash size = 128
Nov 15 07:48:13 ubuntu-s-1vcpu-1gb-ams3-golang kernel: [    0.746415] NetLabel:  protocols = UNLABELED CIPSOv4 CALIPSO
Nov 15 07:48:13 ubuntu-s-1vcpu-1gb-ams3-golang kernel: [    0.748383] NetLabel:  unlabeled traffic allowed by default
Nov 15 07:48:13 ubuntu-s-1vcpu-1gb-ams3-golang kernel: [    0.749745] mctp: management component transport protocol core
Nov 15 07:48:13 ubuntu-s-1vcpu-1gb-ams3-golang kernel: [    0.751836] NET: Registered PF_MCTP protocol family
Nov 15 07:48:13 ubuntu-s-1vcpu-1gb-ams3-golang kernel: [    0.752738] PCI: Using ACPI for IRQ routing
Nov 15 07:48:13 ubuntu-s-1vcpu-1gb-ams3-golang kernel: [    0.753487] PCI: pci_cache_line_size set to 64 bytes
Nov 15 07:48:13 ubuntu-s-1vcpu-1gb-ams3-golang kernel: [    0.754117] e820: reserve RAM buffer [mem 0x0009fc00-0x0009ffff]
Nov 15 07:48:13 ubuntu-s-1vcpu-1gb-ams3-golang kernel: [    0.754124] e820: reserve RAM buffer [mem 0x3ffd8000-0x3fffffff]
Nov 15 07:48:13 ubuntu-s-1vcpu-1gb-ams3-golang kernel: [    0.754228] pci 0000:00:02.0: vgaarb: setting as boot VGA device
Nov 15 07:48:13 ubuntu-s-1vcpu-1gb-ams3-golang kernel: [    0.755302] pci 0000:00:02.0: vgaarb: bridge control possible
Nov 15 07:48:13 ubuntu-s-1vcpu-1gb-ams3-golang kernel: [    0.755832] pci 0000:00:02.0: vgaarb: VGA device added: decodes=io+mem,owns=io+mem,locks=none
Nov 15 07:48:13 ubuntu-s-1vcpu-1gb-ams3-golang kernel: [    0.755839] vgaarb: loaded
Nov 15 07:48:13 ubuntu-s-1vcpu-1gb-ams3-golang kernel: [    0.756704] hpet0: at MMIO 0xfed00000, IRQs 2, 8, 0
Nov 15 07:48:13 ubuntu-s-1vcpu-1gb-ams3-golang kernel: [    0.757606] hpet0: 3 comparators, 64-bit 100.000000 MHz counter
Nov 15 07:48:13 ubuntu-s-1vcpu-1gb-ams3-golang kernel: [    0.763846] clocksource: Switched to clocksource kvm-clock
Nov 15 07:48:13 ubuntu-s-1vcpu-1gb-ams3-golang kernel: [    0.785061] VFS: Disk quotas dquot_6.6.0
Nov 15 07:48:13 ubuntu-s-1vcpu-1gb-ams3-golang kernel: [    0.785940] VFS: Dquot-cache hash table entries: 512 (order 0, 4096 bytes)
Nov 15 07:48:13 ubuntu-s-1vcpu-1gb-ams3-golang kernel: [    0.787352] AppArmor: AppArmor Filesystem Enabled
Nov 15 07:48:13 ubuntu-s-1vcpu-1gb-ams3-golang kernel: [    0.788494] pnp: PnP ACPI init
Nov 15 07:48:13 ubuntu-s-1vcpu-1gb-ams3-golang kernel: [    0.789602] pnp: PnP ACPI: found 4 devices
Nov 15 07:48:13 ubuntu-s-1vcpu-1gb-ams3-golang kernel: [    0.796304] clocksource: acpi_pm: mask: 0xffffff max_cycles: 0xffffff, max_idle_ns: 2085701024 ns
Nov 15 07:48:13 ubuntu-s-1vcpu-1gb-ams3-golang kernel: [    0.800402] NET: Registered PF_INET protocol family
Nov 15 07:48:13 ubuntu-s-1vcpu-1gb-ams3-golang kernel: [    0.801448] IP idents hash table entries: 16384 (order: 5, 131072 bytes, linear)
Nov 15 07:48:13 ubuntu-s-1vcpu-1gb-ams3-golang kernel: [    0.805786] tcp_listen_portaddr_hash hash table entries: 512 (order: 1, 8192 bytes, linear)
Nov 15 07:48:13 ubuntu-s-1vcpu-1gb-ams3-golang kernel: [    0.807298] Table-perturb hash table entries: 65536 (order: 6, 262144 bytes, linear)
Nov 15 07:48:13 ubuntu-s-1vcpu-1gb-ams3-golang kernel: [    0.808735] TCP established hash table entries: 8192 (order: 4, 65536 bytes, linear)
Nov 15 07:48:13 ubuntu-s-1vcpu-1gb-ams3-golang kernel: [    0.811723] TCP bind hash table entries: 8192 (order: 5, 131072 bytes, linear)
Nov 15 07:48:13 ubuntu-s-1vcpu-1gb-ams3-golang kernel: [    0.813067] TCP: Hash tables configured (established 8192 bind 8192)
Nov 15 07:48:13 ubuntu-s-1vcpu-1gb-ams3-golang kernel: [    0.814621] MPTCP token hash table entries: 1024 (order: 2, 24576 bytes, linear)
Nov 15 07:48:13 ubuntu-s-1vcpu-1gb-ams3-golang kernel: [    0.816282] UDP hash table entries: 512 (order: 2, 16384 bytes, linear)
Nov 15 07:48:13 ubuntu-s-1vcpu-1gb-ams3-golang kernel: [    0.817709] UDP-Lite hash table entries: 512 (order: 2, 16384 bytes, linear)
Nov 15 07:48:13 ubuntu-s-1vcpu-1gb-ams3-golang kernel: [    0.819287] NET: Registered PF_UNIX/PF_LOCAL protocol family
Nov 15 07:48:13 ubuntu-s-1vcpu-1gb-ams3-golang kernel: [    0.820555] NET: Registered PF_XDP protocol family
Nov 15 07:48:13 ubuntu-s-1vcpu-1gb-ams3-golang kernel: [    0.821664] pci_bus 0000:00: resource 4 [io  0x0000-0x0cf7 window]
Nov 15 07:48:13 ubuntu-s-1vcpu-1gb-ams3-golang kernel: [    0.822951] pci_bus 0000:00: resource 5 [io  0x0d00-0xffff window]
Nov 15 07:48:13 ubuntu-s-1vcpu-1gb-ams3-golang kernel: [    0.824253] pci_bus 0000:00: resource 6 [mem 0x000a0000-0x000bffff window]
Nov 15 07:48:13 ubuntu-s-1vcpu-1gb-ams3-golang kernel: [    0.825671] pci_bus 0000:00: resource 7 [mem 0x40000000-0xfebfffff window]
Nov 15 07:48:13 ubuntu-s-1vcpu-1gb-ams3-golang kernel: [    0.827055] pci_bus 0000:00: resource 8 [mem 0x100000000-0x17fffffff window]
Nov 15 07:48:13 ubuntu-s-1vcpu-1gb-ams3-golang kernel: [    0.828445] pci 0000:00:01.0: PIIX3: Enabling Passive Release
Nov 15 07:48:13 ubuntu-s-1vcpu-1gb-ams3-golang kernel: [    0.829448] pci 0000:00:00.0: Limiting direct PCI/PCI transfers
Nov 15 07:48:13 ubuntu-s-1vcpu-1gb-ams3-golang kernel: [    0.830503] pci 0000:00:01.0: Activating ISA DMA hang workarounds
Nov 15 07:48:13 ubuntu-s-1vcpu-1gb-ams3-golang kernel: [    0.861837] ACPI: \_SB_.LNKD: Enabled at IRQ 11
Nov 15 07:48:13 ubuntu-s-1vcpu-1gb-ams3-golang kernel: [    0.893286] pci 0000:00:01.2: quirk_usb_early_handoff+0x0/0x170 took 60240 usecs
Nov 15 07:48:13 ubuntu-s-1vcpu-1gb-ams3-golang kernel: [    0.894800] PCI: CLS 0 bytes, default 64
Nov 15 07:48:13 ubuntu-s-1vcpu-1gb-ams3-golang kernel: [    0.895669] Trying to unpack rootfs image as initramfs...
Nov 15 07:48:13 ubuntu-s-1vcpu-1gb-ams3-golang kernel: [    0.900189] clocksource: tsc: mask: 0xffffffffffffffff max_cycles: 0x398cadd9d93, max_idle_ns: 881590552906 ns
Nov 15 07:48:13 ubuntu-s-1vcpu-1gb-ams3-golang kernel: [    0.908296] Initialise system trusted keyrings
Nov 15 07:48:13 ubuntu-s-1vcpu-1gb-ams3-golang kernel: [    0.909368] Key type blacklist registered
Nov 15 07:48:13 ubuntu-s-1vcpu-1gb-ams3-golang kernel: [    0.911908] workingset: timestamp_bits=36 max_order=18 bucket_order=0
Nov 15 07:48:13 ubuntu-s-1vcpu-1gb-ams3-golang kernel: [    0.915204] zbud: loaded
Nov 15 07:48:13 ubuntu-s-1vcpu-1gb-ams3-golang kernel: [    0.920669] squashfs: version 4.0 (2009/01/31) Phillip Lougher
Nov 15 07:48:13 ubuntu-s-1vcpu-1gb-ams3-golang kernel: [    0.924005] fuse: init (API version 7.36)
Nov 15 07:48:13 ubuntu-s-1vcpu-1gb-ams3-golang kernel: [    0.928192] integrity: Platform Keyring initialized
Nov 15 07:48:13 ubuntu-s-1vcpu-1gb-ams3-golang kernel: [    0.929280] integrity: Machine keyring initialized
Nov 15 07:48:13 ubuntu-s-1vcpu-1gb-ams3-golang kernel: [    0.940150] Key type asymmetric registered
Nov 15 07:48:13 ubuntu-s-1vcpu-1gb-ams3-golang kernel: [    0.941204] Asymmetric key parser 'x509' registered
Nov 15 07:48:13 ubuntu-s-1vcpu-1gb-ams3-golang kernel: [    1.298200] Freeing initrd memory: 31312K
Nov 15 07:48:13 ubuntu-s-1vcpu-1gb-ams3-golang kernel: [    1.301938] alg: self-tests for CTR-KDF (hmac(sha256)) passed
Nov 15 07:48:13 ubuntu-s-1vcpu-1gb-ams3-golang kernel: [    1.302916] Block layer SCSI generic (bsg) driver version 0.4 loaded (major 243)
Nov 15 07:48:13 ubuntu-s-1vcpu-1gb-ams3-golang kernel: [    1.304279] io scheduler mq-deadline registered
Nov 15 07:48:13 ubuntu-s-1vcpu-1gb-ams3-golang kernel: [    1.305392] shpchp: Standard Hot Plug PCI Controller Driver version: 0.4
Nov 15 07:48:13 ubuntu-s-1vcpu-1gb-ams3-golang kernel: [    1.306753] input: Power Button as /devices/LNXSYSTM:00/LNXPWRBN:00/input/input0
Nov 15 07:48:13 ubuntu-s-1vcpu-1gb-ams3-golang kernel: [    1.308183] ACPI: button: Power Button [PWRF]
Nov 15 07:48:13 ubuntu-s-1vcpu-1gb-ams3-golang kernel: [    1.338228] ACPI: \_SB_.LNKC: Enabled at IRQ 10
Nov 15 07:48:13 ubuntu-s-1vcpu-1gb-ams3-golang kernel: [    1.408508] ACPI: \_SB_.LNKA: Enabled at IRQ 10
Nov 15 07:48:13 ubuntu-s-1vcpu-1gb-ams3-golang kernel: [    1.440263] ACPI: \_SB_.LNKB: Enabled at IRQ 11
Nov 15 07:48:13 ubuntu-s-1vcpu-1gb-ams3-golang kernel: [    1.503404] Serial: 8250/16550 driver, 32 ports, IRQ sharing enabled
Nov 15 07:48:13 ubuntu-s-1vcpu-1gb-ams3-golang kernel: [    1.528087] 00:00: ttyS0 at I/O 0x3f8 (irq = 4, base_baud = 115200) is a 16550A
Nov 15 07:48:13 ubuntu-s-1vcpu-1gb-ams3-golang kernel: [    1.531475] Linux agpgart interface v0.103
Nov 15 07:48:13 ubuntu-s-1vcpu-1gb-ams3-golang kernel: [    1.534966] loop: module loaded
Nov 15 07:48:13 ubuntu-s-1vcpu-1gb-ams3-golang kernel: [    1.535805] ata_piix 0000:00:01.1: version 2.13
Nov 15 07:48:13 ubuntu-s-1vcpu-1gb-ams3-golang kernel: [    1.536583] scsi host0: ata_piix
Nov 15 07:48:13 ubuntu-s-1vcpu-1gb-ams3-golang kernel: [    1.537375] scsi host1: ata_piix
Nov 15 07:48:13 ubuntu-s-1vcpu-1gb-ams3-golang kernel: [    1.539267] ata1: PATA max MWDMA2 cmd 0x1f0 ctl 0x3f6 bmdma 0xc200 irq 14
Nov 15 07:48:13 ubuntu-s-1vcpu-1gb-ams3-golang kernel: [    1.540690] ata2: PATA max MWDMA2 cmd 0x170 ctl 0x376 bmdma 0xc208 irq 15
Nov 15 07:48:13 ubuntu-s-1vcpu-1gb-ams3-golang kernel: [    1.543198] tun: Universal TUN/TAP device driver, 1.6
Nov 15 07:48:13 ubuntu-s-1vcpu-1gb-ams3-golang kernel: [    1.544175] PPP generic driver version 2.4.2
Nov 15 07:48:13 ubuntu-s-1vcpu-1gb-ams3-golang kernel: [    1.544971] VFIO - User Level meta-driver version: 0.3
Nov 15 07:48:13 ubuntu-s-1vcpu-1gb-ams3-golang kernel: [    1.546011] ehci_hcd: USB 2.0 'Enhanced' Host Controller (EHCI) Driver
Nov 15 07:48:13 ubuntu-s-1vcpu-1gb-ams3-golang kernel: [    1.547066] ehci-pci: EHCI PCI platform driver
Nov 15 07:48:13 ubuntu-s-1vcpu-1gb-ams3-golang kernel: [    1.547905] ehci-platform: EHCI generic platform driver
Nov 15 07:48:13 ubuntu-s-1vcpu-1gb-ams3-golang kernel: [    1.548826] ohci_hcd: USB 1.1 'Open' Host Controller (OHCI) Driver
Nov 15 07:48:13 ubuntu-s-1vcpu-1gb-ams3-golang kernel: [    1.549891] ohci-pci: OHCI PCI platform driver
Nov 15 07:48:13 ubuntu-s-1vcpu-1gb-ams3-golang kernel: [    1.550725] ohci-platform: OHCI generic platform driver
Nov 15 07:48:13 ubuntu-s-1vcpu-1gb-ams3-golang kernel: [    1.551722] uhci_hcd: USB Universal Host Controller Interface driver
Nov 15 07:48:13 ubuntu-s-1vcpu-1gb-ams3-golang kernel: [    1.583271] uhci_hcd 0000:00:01.2: UHCI Host Controller
Nov 15 07:48:13 ubuntu-s-1vcpu-1gb-ams3-golang kernel: [    1.584220] uhci_hcd 0000:00:01.2: new USB bus registered, assigned bus number 1
Nov 15 07:48:13 ubuntu-s-1vcpu-1gb-ams3-golang kernel: [    1.585488] uhci_hcd 0000:00:01.2: detected 2 ports
Nov 15 07:48:13 ubuntu-s-1vcpu-1gb-ams3-golang kernel: [    1.586439] uhci_hcd 0000:00:01.2: irq 11, io port 0x0000c180
Nov 15 07:48:13 ubuntu-s-1vcpu-1gb-ams3-golang kernel: [    1.587543] usb usb1: New USB device found, idVendor=1d6b, idProduct=0001, bcdDevice= 5.19
Nov 15 07:48:13 ubuntu-s-1vcpu-1gb-ams3-golang kernel: [    1.588939] usb usb1: New USB device strings: Mfr=3, Product=2, SerialNumber=1
Nov 15 07:48:13 ubuntu-s-1vcpu-1gb-ams3-golang kernel: [    1.590474] usb usb1: Product: UHCI Host Controller
Nov 15 07:48:13 ubuntu-s-1vcpu-1gb-ams3-golang kernel: [    1.591392] usb usb1: Manufacturer: Linux 5.19.0-23-generic uhci_hcd
Nov 15 07:48:13 ubuntu-s-1vcpu-1gb-ams3-golang kernel: [    1.592433] usb usb1: SerialNumber: 0000:00:01.2
Nov 15 07:48:13 ubuntu-s-1vcpu-1gb-ams3-golang kernel: [    1.593408] hub 1-0:1.0: USB hub found
Nov 15 07:48:13 ubuntu-s-1vcpu-1gb-ams3-golang kernel: [    1.594173] hub 1-0:1.0: 2 ports detected
Nov 15 07:48:13 ubuntu-s-1vcpu-1gb-ams3-golang kernel: [    1.595126] i8042: PNP: PS/2 Controller [PNP0303:KBD,PNP0f13:MOU] at 0x60,0x64 irq 1,12
Nov 15 07:48:13 ubuntu-s-1vcpu-1gb-ams3-golang kernel: [    1.597259] serio: i8042 KBD port at 0x60,0x64 irq 1
Nov 15 07:48:13 ubuntu-s-1vcpu-1gb-ams3-golang kernel: [    1.598295] serio: i8042 AUX port at 0x60,0x64 irq 12
Nov 15 07:48:13 ubuntu-s-1vcpu-1gb-ams3-golang kernel: [    1.599274] mousedev: PS/2 mouse device common for all mice
Nov 15 07:48:13 ubuntu-s-1vcpu-1gb-ams3-golang kernel: [    1.601860] input: AT Translated Set 2 keyboard as /devices/platform/i8042/serio0/input/input1
Nov 15 07:48:13 ubuntu-s-1vcpu-1gb-ams3-golang kernel: [    1.604056] rtc_cmos 00:03: RTC can wake from S4
Nov 15 07:48:13 ubuntu-s-1vcpu-1gb-ams3-golang kernel: [    1.605720] rtc_cmos 00:03: registered as rtc0
Nov 15 07:48:13 ubuntu-s-1vcpu-1gb-ams3-golang kernel: [    1.606576] rtc_cmos 00:03: setting system clock to 2022-11-15T07:47:52 UTC (1668498472)
Nov 15 07:48:13 ubuntu-s-1vcpu-1gb-ams3-golang kernel: [    1.608003] rtc_cmos 00:03: alarms up to one day, y3k, 242 bytes nvram, hpet irqs
Nov 15 07:48:13 ubuntu-s-1vcpu-1gb-ams3-golang kernel: [    1.609285] i2c_dev: i2c /dev entries driver
Nov 15 07:48:13 ubuntu-s-1vcpu-1gb-ams3-golang kernel: [    1.610125] device-mapper: core: CONFIG_IMA_DISABLE_HTABLE is disabled. Duplicate IMA measurements will not be recorded in the IMA log.
Nov 15 07:48:13 ubuntu-s-1vcpu-1gb-ams3-golang kernel: [    1.612177] device-mapper: uevent: version 1.0.3
Nov 15 07:48:13 ubuntu-s-1vcpu-1gb-ams3-golang kernel: [    1.613327] device-mapper: ioctl: 4.47.0-ioctl (2022-07-28) initialised: dm-devel@redhat.com
Nov 15 07:48:13 ubuntu-s-1vcpu-1gb-ams3-golang kernel: [    1.614979] platform eisa.0: Probing EISA bus 0
Nov 15 07:48:13 ubuntu-s-1vcpu-1gb-ams3-golang kernel: [    1.615757] platform eisa.0: EISA: Cannot allocate resource for mainboard
Nov 15 07:48:13 ubuntu-s-1vcpu-1gb-ams3-golang kernel: [    1.616889] platform eisa.0: Cannot allocate resource for EISA slot 1
Nov 15 07:48:13 ubuntu-s-1vcpu-1gb-ams3-golang kernel: [    1.617983] platform eisa.0: Cannot allocate resource for EISA slot 2
Nov 15 07:48:13 ubuntu-s-1vcpu-1gb-ams3-golang kernel: [    1.619007] platform eisa.0: Cannot allocate resource for EISA slot 3
Nov 15 07:48:13 ubuntu-s-1vcpu-1gb-ams3-golang kernel: [    1.620191] platform eisa.0: Cannot allocate resource for EISA slot 4
Nov 15 07:48:13 ubuntu-s-1vcpu-1gb-ams3-golang kernel: [    1.621378] platform eisa.0: Cannot allocate resource for EISA slot 5
Nov 15 07:48:13 ubuntu-s-1vcpu-1gb-ams3-golang kernel: [    1.622564] platform eisa.0: Cannot allocate resource for EISA slot 6
Nov 15 07:48:13 ubuntu-s-1vcpu-1gb-ams3-golang kernel: [    1.623575] platform eisa.0: Cannot allocate resource for EISA slot 7
Nov 15 07:48:13 ubuntu-s-1vcpu-1gb-ams3-golang kernel: [    1.624833] platform eisa.0: Cannot allocate resource for EISA slot 8
Nov 15 07:48:13 ubuntu-s-1vcpu-1gb-ams3-golang kernel: [    1.626093] platform eisa.0: EISA: Detected 0 cards
Nov 15 07:48:13 ubuntu-s-1vcpu-1gb-ams3-golang kernel: [    1.627098] ledtrig-cpu: registered to indicate activity on CPUs
Nov 15 07:48:13 ubuntu-s-1vcpu-1gb-ams3-golang kernel: [    1.628282] drop_monitor: Initializing network drop monitor service
Nov 15 07:48:13 ubuntu-s-1vcpu-1gb-ams3-golang kernel: [    1.648886] NET: Registered PF_INET6 protocol family
Nov 15 07:48:13 ubuntu-s-1vcpu-1gb-ams3-golang kernel: [    1.652951] Segment Routing with IPv6
Nov 15 07:48:13 ubuntu-s-1vcpu-1gb-ams3-golang kernel: [    1.653785] In-situ OAM (IOAM) with IPv6
Nov 15 07:48:13 ubuntu-s-1vcpu-1gb-ams3-golang kernel: [    1.654562] NET: Registered PF_PACKET protocol family
Nov 15 07:48:13 ubuntu-s-1vcpu-1gb-ams3-golang kernel: [    1.655509] Key type dns_resolver registered
Nov 15 07:48:13 ubuntu-s-1vcpu-1gb-ams3-golang kernel: [    1.656585] IPI shorthand broadcast: enabled
Nov 15 07:48:13 ubuntu-s-1vcpu-1gb-ams3-golang kernel: [    1.657420] sched_clock: Marking stable (1494771967, 161262229)->(1664680097, -8645901)
Nov 15 07:48:13 ubuntu-s-1vcpu-1gb-ams3-golang kernel: [    1.658986] registered taskstats version 1
Nov 15 07:48:13 ubuntu-s-1vcpu-1gb-ams3-golang kernel: [    1.659757] Loading compiled-in X.509 certificates
Nov 15 07:48:13 ubuntu-s-1vcpu-1gb-ams3-golang kernel: [    1.661355] Loaded X.509 cert 'Build time autogenerated kernel key: 7b03f4f53a116a965517438975ce272e44b69516'
Nov 15 07:48:13 ubuntu-s-1vcpu-1gb-ams3-golang kernel: [    1.665161] Loaded X.509 cert 'Canonical Ltd. Live Patch Signing: 14df34d1a87cf37625abec039ef2bf521249b969'
Nov 15 07:48:13 ubuntu-s-1vcpu-1gb-ams3-golang kernel: [    1.667787] Loaded X.509 cert 'Canonical Ltd. Kernel Module Signing: 88f752e560a1e0737e31163a466ad7b70a850c19'
Nov 15 07:48:13 ubuntu-s-1vcpu-1gb-ams3-golang kernel: [    1.669508] blacklist: Loading compiled-in revocation X.509 certificates
Nov 15 07:48:13 ubuntu-s-1vcpu-1gb-ams3-golang kernel: [    1.670773] Loaded X.509 cert 'Canonical Ltd. Secure Boot Signing: 61482aa2830d0ab2ad5af10b7250da9033ddcef0'
Nov 15 07:48:13 ubuntu-s-1vcpu-1gb-ams3-golang kernel: [    1.672541] zswap: loaded using pool lzo/zbud
Nov 15 07:48:13 ubuntu-s-1vcpu-1gb-ams3-golang kernel: [    1.673628] Key type ._fscrypt registered
Nov 15 07:48:13 ubuntu-s-1vcpu-1gb-ams3-golang kernel: [    1.674347] Key type .fscrypt registered
Nov 15 07:48:13 ubuntu-s-1vcpu-1gb-ams3-golang kernel: [    1.675026] Key type fscrypt-provisioning registered
Nov 15 07:48:13 ubuntu-s-1vcpu-1gb-ams3-golang kernel: [    1.678840] Key type encrypted registered
Nov 15 07:48:13 ubuntu-s-1vcpu-1gb-ams3-golang kernel: [    1.679649] AppArmor: AppArmor sha1 policy hashing enabled
Nov 15 07:48:13 ubuntu-s-1vcpu-1gb-ams3-golang kernel: [    1.680652] ima: No TPM chip found, activating TPM-bypass!
Nov 15 07:48:13 ubuntu-s-1vcpu-1gb-ams3-golang kernel: [    1.681683] Loading compiled-in module X.509 certificates
Nov 15 07:48:13 ubuntu-s-1vcpu-1gb-ams3-golang kernel: [    1.683361] Loaded X.509 cert 'Build time autogenerated kernel key: 7b03f4f53a116a965517438975ce272e44b69516'
Nov 15 07:48:13 ubuntu-s-1vcpu-1gb-ams3-golang kernel: [    1.685171] ima: Allocated hash algorithm: sha1
Nov 15 07:48:13 ubuntu-s-1vcpu-1gb-ams3-golang kernel: [    1.686200] ima: No architecture policies found
Nov 15 07:48:13 ubuntu-s-1vcpu-1gb-ams3-golang kernel: [    1.687160] evm: Initialising EVM extended attributes:
Nov 15 07:48:13 ubuntu-s-1vcpu-1gb-ams3-golang kernel: [    1.688122] evm: security.selinux
Nov 15 07:48:13 ubuntu-s-1vcpu-1gb-ams3-golang kernel: [    1.688787] evm: security.SMACK64
Nov 15 07:48:13 ubuntu-s-1vcpu-1gb-ams3-golang kernel: [    1.689509] evm: security.SMACK64EXEC
Nov 15 07:48:13 ubuntu-s-1vcpu-1gb-ams3-golang kernel: [    1.690254] evm: security.SMACK64TRANSMUTE
Nov 15 07:48:13 ubuntu-s-1vcpu-1gb-ams3-golang kernel: [    1.691127] evm: security.SMACK64MMAP
Nov 15 07:48:13 ubuntu-s-1vcpu-1gb-ams3-golang kernel: [    1.691891] evm: security.apparmor
Nov 15 07:48:13 ubuntu-s-1vcpu-1gb-ams3-golang kernel: [    1.693800] evm: security.ima
Nov 15 07:48:13 ubuntu-s-1vcpu-1gb-ams3-golang kernel: [    1.694608] evm: security.capability
Nov 15 07:48:13 ubuntu-s-1vcpu-1gb-ams3-golang kernel: [    1.695533] evm: HMAC attrs: 0x1
Nov 15 07:48:13 ubuntu-s-1vcpu-1gb-ams3-golang kernel: [    1.697730] PM:   Magic number: 14:135:774
Nov 15 07:48:13 ubuntu-s-1vcpu-1gb-ams3-golang kernel: [    1.698627] mem zero: hash matches
Nov 15 07:48:13 ubuntu-s-1vcpu-1gb-ams3-golang kernel: [    1.699572] RAS: Correctable Errors collector initialized.
Nov 15 07:48:13 ubuntu-s-1vcpu-1gb-ams3-golang kernel: [    1.704215] Freeing unused decrypted memory: 2036K
Nov 15 07:48:13 ubuntu-s-1vcpu-1gb-ams3-golang kernel: [    1.706238] Freeing unused kernel image (initmem) memory: 3148K
Nov 15 07:48:13 ubuntu-s-1vcpu-1gb-ams3-golang kernel: [    1.707940] Write protecting the kernel read-only data: 32768k
Nov 15 07:48:13 ubuntu-s-1vcpu-1gb-ams3-golang kernel: [    1.710139] Freeing unused kernel image (text/rodata gap) memory: 2036K
Nov 15 07:48:13 ubuntu-s-1vcpu-1gb-ams3-golang kernel: [    1.711530] Freeing unused kernel image (rodata/data gap) memory: 1044K
Nov 15 07:48:13 ubuntu-s-1vcpu-1gb-ams3-golang kernel: [    1.759382] x86/mm: Checked W+X mappings: passed, no W+X pages found.
Nov 15 07:48:13 ubuntu-s-1vcpu-1gb-ams3-golang kernel: [    1.760250] Run /init as init process
Nov 15 07:48:13 ubuntu-s-1vcpu-1gb-ams3-golang kernel: [    1.760802]   with arguments:
Nov 15 07:48:13 ubuntu-s-1vcpu-1gb-ams3-golang kernel: [    1.760804]     /init
Nov 15 07:48:13 ubuntu-s-1vcpu-1gb-ams3-golang kernel: [    1.760806]   with environment:
Nov 15 07:48:13 ubuntu-s-1vcpu-1gb-ams3-golang kernel: [    1.760807]     HOME=/
Nov 15 07:48:13 ubuntu-s-1vcpu-1gb-ams3-golang kernel: [    1.760808]     TERM=linux
Nov 15 07:48:13 ubuntu-s-1vcpu-1gb-ams3-golang kernel: [    1.760809]     BOOT_IMAGE=/boot/vmlinuz-5.19.0-23-generic
Nov 15 07:48:13 ubuntu-s-1vcpu-1gb-ams3-golang kernel: [    1.760810]     biosdevname=0
Nov 15 07:48:13 ubuntu-s-1vcpu-1gb-ams3-golang kernel: [    1.890157] virtio_blk virtio3: 1/0/0 default/read/poll queues
Nov 15 07:48:13 ubuntu-s-1vcpu-1gb-ams3-golang kernel: [    1.891648] virtio_blk virtio3: [vda] 52428800 512-byte logical blocks (26.8 GB/25.0 GiB)
Nov 15 07:48:13 ubuntu-s-1vcpu-1gb-ams3-golang kernel: [    1.914904] GPT:Primary header thinks Alt. header is not at the end of the disk.
Nov 15 07:48:13 ubuntu-s-1vcpu-1gb-ams3-golang kernel: [    1.916082] GPT:7340031 != 52428799
Nov 15 07:48:13 ubuntu-s-1vcpu-1gb-ams3-golang kernel: [    1.916575] GPT:Alternate GPT header not at the end of the disk.
Nov 15 07:48:13 ubuntu-s-1vcpu-1gb-ams3-golang kernel: [    1.917379] GPT:7340031 != 52428799
Nov 15 07:48:13 ubuntu-s-1vcpu-1gb-ams3-golang kernel: [    1.920356] GPT: Use GNU Parted to correct GPT errors.
Nov 15 07:48:13 ubuntu-s-1vcpu-1gb-ams3-golang kernel: [    1.921003]  vda: vda1 vda14 vda15
Nov 15 07:48:13 ubuntu-s-1vcpu-1gb-ams3-golang kernel: [    1.922715] scsi host2: Virtio SCSI HBA
Nov 15 07:48:13 ubuntu-s-1vcpu-1gb-ams3-golang kernel: [    1.927299] input: VirtualPS/2 VMware VMMouse as /devices/platform/i8042/serio1/input/input4
Nov 15 07:48:13 ubuntu-s-1vcpu-1gb-ams3-golang kernel: [    1.928606] input: VirtualPS/2 VMware VMMouse as /devices/platform/i8042/serio1/input/input3
Nov 15 07:48:13 ubuntu-s-1vcpu-1gb-ams3-golang kernel: [    1.935901] cryptd: max_cpu_qlen set to 1000
Nov 15 07:48:13 ubuntu-s-1vcpu-1gb-ams3-golang kernel: [    1.962172] AVX2 version of gcm_enc/dec engaged.
Nov 15 07:48:13 ubuntu-s-1vcpu-1gb-ams3-golang kernel: [    1.972127] AES CTR mode by8 optimization enabled
Nov 15 07:48:13 ubuntu-s-1vcpu-1gb-ams3-golang kernel: [    1.976574] virtio_blk virtio4: 1/0/0 default/read/poll queues
Nov 15 07:48:13 ubuntu-s-1vcpu-1gb-ams3-golang kernel: [    1.988787] virtio_blk virtio4: [vdb] 948 512-byte logical blocks (485 kB/474 KiB)
Nov 15 07:48:13 ubuntu-s-1vcpu-1gb-ams3-golang kernel: [    3.363875] raid6: avx2x4   gen() 16591 MB/s
Nov 15 07:48:13 ubuntu-s-1vcpu-1gb-ams3-golang kernel: [    3.432048] raid6: avx2x2   gen() 16626 MB/s
Nov 15 07:48:13 ubuntu-s-1vcpu-1gb-ams3-golang kernel: [    3.499865] raid6: avx2x1   gen() 13639 MB/s
